"../../../Engine/Plugins/Animation/ACLPlugin/Content/ACLAnimCurveCompressionSettings.uasset" 0
"../../../Engine/Plugins/Animation/ACLPlugin/Content/ACLAnimCurveCompressionSettings.uexp" 1
"../../../Engine/Plugins/Animation/ACLPlugin/Content/ACLAnimBoneCompressionSettings.uasset" 2
"../../../Engine/Plugins/Animation/ACLPlugin/Content/ACLAnimBoneCompressionSettings.uexp" 3
"../../../Engine/Plugins/2D/Paper2D/Content/PlaceholderTextures/DummySpriteTexture.ubulk" 4
"../../../Engine/Plugins/2D/Paper2D/Content/PlaceholderTextures/DummySpriteTexture.uasset" 5
"../../../Engine/Plugins/2D/Paper2D/Content/PlaceholderTextures/DummySpriteTexture.uexp" 6
"../../../Engine/Plugins/2D/Paper2D/Content/DummySprite.uasset" 7
"../../../Engine/Plugins/2D/Paper2D/Content/DummySprite.uexp" 8
"../../../Engine/Plugins/2D/Paper2D/Content/DefaultPaperTerrainMaterial.uasset" 9
"../../../Engine/Plugins/2D/Paper2D/Content/DefaultPaperTerrainMaterial.uexp" 10
"../../../Engine/Content/Animation/DefaultVariableFrameStrippingSettings.uasset" 11
"../../../Engine/Content/Animation/DefaultVariableFrameStrippingSettings.uexp" 12
"../../../Engine/Plugins/Animation/ControlRig/Content/Controls/DefaultGizmoLibraryNormalized.uasset" 13
"../../../Engine/Plugins/Animation/ControlRig/Content/Controls/DefaultGizmoLibraryNormalized.uexp" 14
"../../../Engine/Content/EngineMaterials/DefaultPhysicalMaterial.uasset" 15
"../../../Engine/Content/EngineMaterials/DefaultPhysicalMaterial.uexp" 16
"../../../Engine/Content/EngineMaterials/DefaultDestructiblePhysicalMaterial.uasset" 17
"../../../Engine/Content/EngineMaterials/DefaultDestructiblePhysicalMaterial.uexp" 18
"../../../Engine/Content/EngineFonts/Faces/RobotoLight.uexp" 19
"../../../Engine/Content/EngineFonts/Faces/RobotoLight.uasset" 20
"../../../Engine/Content/EngineFonts/Faces/RobotoLight.ufont" 21
"../../../Engine/Content/EngineFonts/Faces/RobotoBold.uexp" 22
"../../../Engine/Content/EngineFonts/Faces/RobotoBold.uasset" 23
"../../../Engine/Content/EngineFonts/Faces/RobotoBold.ufont" 24
"../../../Engine/Content/EngineFonts/Faces/RobotoRegular.uexp" 25
"../../../Engine/Content/EngineFonts/Faces/RobotoRegular.uasset" 26
"../../../Engine/Content/EngineFonts/Faces/RobotoRegular.ufont" 27
"../../../Engine/Content/EngineFonts/Faces/DroidSansFallback.uexp" 28
"../../../Engine/Content/EngineFonts/Faces/DroidSansFallback.uasset" 29
"../../../Engine/Content/EngineFonts/Faces/DroidSansFallback.ufont" 30
"../../../Engine/Content/EngineFonts/Faces/RobotoItalic.uexp" 31
"../../../Engine/Content/EngineFonts/Faces/RobotoItalic.uasset" 32
"../../../Engine/Content/EngineFonts/Faces/RobotoItalic.ufont" 33
"../../../Engine/Content/EngineFonts/Faces/RobotoBoldItalic.uexp" 34
"../../../Engine/Content/EngineFonts/Faces/RobotoBoldItalic.uasset" 35
"../../../Engine/Content/EngineFonts/Faces/RobotoBoldItalic.ufont" 36
"../../../Engine/Content/EngineFonts/Roboto.uasset" 37
"../../../Engine/Content/EngineFonts/Roboto.uexp" 38
"../../../Engine/Plugins/Interchange/Runtime/Content/Pipelines/DefaultTexturePipeline.uasset" 39
"../../../Engine/Plugins/Interchange/Runtime/Content/Pipelines/DefaultTexturePipeline.uexp" 40
"../../../Engine/Plugins/Interchange/Runtime/Content/Pipelines/DefaultSceneLevelPipeline.uasset" 41
"../../../Engine/Plugins/Interchange/Runtime/Content/Pipelines/DefaultSceneLevelPipeline.uexp" 42
"../../../Engine/Plugins/Interchange/Runtime/Content/Pipelines/DefaultSceneAssetsPipeline.uasset" 43
"../../../Engine/Plugins/Interchange/Runtime/Content/Pipelines/DefaultSceneAssetsPipeline.uexp" 44
"../../../Engine/Plugins/Interchange/Runtime/Content/Pipelines/DefaultMaterialXPipeline.uasset" 45
"../../../Engine/Plugins/Interchange/Runtime/Content/Pipelines/DefaultMaterialXPipeline.uexp" 46
"../../../Engine/Plugins/Interchange/Runtime/Content/Pipelines/DefaultMaterialPipeline.uasset" 47
"../../../Engine/Plugins/Interchange/Runtime/Content/Pipelines/DefaultMaterialPipeline.uexp" 48
"../../../Engine/Plugins/Interchange/Runtime/Content/Pipelines/DefaultGLTFSceneAssetsPipeline.uasset" 49
"../../../Engine/Plugins/Interchange/Runtime/Content/Pipelines/DefaultGLTFSceneAssetsPipeline.uexp" 50
"../../../Engine/Plugins/Interchange/Runtime/Content/Pipelines/DefaultGLTFPipeline.uasset" 51
"../../../Engine/Plugins/Interchange/Runtime/Content/Pipelines/DefaultGLTFPipeline.uexp" 52
"../../../Engine/Plugins/Interchange/Runtime/Content/Pipelines/DefaultGLTFAssetsPipeline.uasset" 53
"../../../Engine/Plugins/Interchange/Runtime/Content/Pipelines/DefaultGLTFAssetsPipeline.uexp" 54
"../../../Engine/Plugins/Interchange/Runtime/Content/Pipelines/DefaultAssetsPipeline.uasset" 55
"../../../Engine/Plugins/Interchange/Runtime/Content/Pipelines/DefaultAssetsPipeline.uexp" 56
"../../../Engine/Content/MobileResources/HUD/VirtualJoystick_Background.uasset" 57
"../../../Engine/Content/MobileResources/HUD/VirtualJoystick_Background.uexp" 58
"../../../Engine/Content/MobileResources/HUD/VirtualJoystick_Thumb.uasset" 59
"../../../Engine/Content/MobileResources/HUD/VirtualJoystick_Thumb.uexp" 60
"../../../Engine/Content/MobileResources/HUD/DefaultVirtualJoysticks.uasset" 61
"../../../Engine/Content/MobileResources/HUD/DefaultVirtualJoysticks.uexp" 62
"../../../Engine/Content/EditorResources/S_Actor.ubulk" 63
"../../../Engine/Content/EditorResources/S_Actor.uasset" 64
"../../../Engine/Content/EditorResources/S_Actor.uexp" 65
"../../../Engine/Content/EditorResources/S_BoxReflectionCapture.uasset" 66
"../../../Engine/Content/EditorResources/S_BoxReflectionCapture.uexp" 67
"../../../Engine/Content/EngineResources/DefaultTexture.ubulk" 68
"../../../Engine/Content/EngineResources/DefaultTexture.uasset" 69
"../../../Engine/Content/EngineResources/DefaultTexture.uexp" 70
"../../../Engine/Content/EngineResources/DefaultTextureCube.uasset" 71
"../../../Engine/Content/EngineResources/DefaultTextureCube.uexp" 72
"../../../Engine/Content/EngineResources/DefaultVolumeTexture2D.uasset" 73
"../../../Engine/Content/EngineResources/DefaultVolumeTexture2D.uexp" 74
"../../../Engine/Content/EngineResources/DefaultVolumeTexture.uasset" 75
"../../../Engine/Content/EngineResources/DefaultVolumeTexture.uexp" 76
"../../../Engine/Content/EditorResources/S_Trigger.ubulk" 77
"../../../Engine/Content/EditorResources/S_Trigger.uasset" 78
"../../../Engine/Content/EditorResources/S_Trigger.uexp" 79
"../../../Engine/Content/EditorResources/S_TriggerBox.uasset" 80
"../../../Engine/Content/EditorResources/S_TriggerBox.uexp" 81
"../../../Engine/Content/EditorResources/S_TriggerCapsule.uasset" 82
"../../../Engine/Content/EditorResources/S_TriggerCapsule.uexp" 83
"../../../Engine/Content/EditorResources/S_TriggerSphere.uasset" 84
"../../../Engine/Content/EditorResources/S_TriggerSphere.uexp" 85
"../../../Engine/Plugins/NNE/NNEDenoiser/Content/NNEDTOM_Output_Default.uasset" 86
"../../../Engine/Plugins/NNE/NNEDenoiser/Content/NNEDTOM_Output_Default.uexp" 87
"../../../Engine/Plugins/NNE/NNEDenoiser/Content/NNEDTOM_Output_Alpha.uasset" 88
"../../../Engine/Plugins/NNE/NNEDenoiser/Content/NNEDTOM_Output_Alpha.uexp" 89
"../../../Engine/Plugins/NNE/NNEDenoiser/Content/NNEDTIM_ColorAlbedoNormal_Default.uasset" 90
"../../../Engine/Plugins/NNE/NNEDenoiser/Content/NNEDTIM_ColorAlbedoNormal_Default.uexp" 91
"../../../Engine/Plugins/NNE/NNEDenoiser/Content/NNEDTIM_ColorAlbedoNormal_Alpha.uasset" 92
"../../../Engine/Plugins/NNE/NNEDenoiser/Content/NNEDTIM_ColorAlbedoNormal_Alpha.uexp" 93
"../../../Engine/Plugins/NNE/NNEDenoiser/Content/NNEDOM_Output_Default.uasset" 94
"../../../Engine/Plugins/NNE/NNEDenoiser/Content/NNEDOM_Output_Default.uexp" 95
"../../../Engine/Plugins/NNE/NNEDenoiser/Content/NNEDOM_Output_Alpha.uasset" 96
"../../../Engine/Plugins/NNE/NNEDenoiser/Content/NNEDOM_Output_Alpha.uexp" 97
"../../../Engine/Plugins/NNE/NNEDenoiser/Content/NNEDIM_HighQuality_Default.uasset" 98
"../../../Engine/Plugins/NNE/NNEDenoiser/Content/NNEDIM_HighQuality_Default.uexp" 99
"../../../Engine/Plugins/NNE/NNEDenoiser/Content/NNEDIM_HighQuality_Alpha.uasset" 100
"../../../Engine/Plugins/NNE/NNEDenoiser/Content/NNEDIM_HighQuality_Alpha.uexp" 101
"../../../Engine/Plugins/NNE/NNEDenoiser/Content/NNEDIM_ColorAlbedoNormal_Default.uasset" 102
"../../../Engine/Plugins/NNE/NNEDenoiser/Content/NNEDIM_ColorAlbedoNormal_Default.uexp" 103
"../../../Engine/Plugins/NNE/NNEDenoiser/Content/NNEDIM_ColorAlbedoNormal_Alpha.uasset" 104
"../../../Engine/Plugins/NNE/NNEDenoiser/Content/NNEDIM_ColorAlbedoNormal_Alpha.uexp" 105
"../../../Engine/Content/Functions/Engine_MaterialFunctions02/WorldPositionOffset/CameraOffset.uasset" 106
"../../../Engine/Content/Functions/Engine_MaterialFunctions02/WorldPositionOffset/CameraOffset.uexp" 107
"../../../Engine/Plugins/Animation/ControlRig/Content/M_Manip.uasset" 108
"../../../Engine/Plugins/Animation/ControlRig/Content/M_Manip.uexp" 109
"../../../Engine/Content/EditorResources/S_Terrain.ubulk" 110
"../../../Engine/Content/EditorResources/S_Terrain.uasset" 111
"../../../Engine/Content/EditorResources/S_Terrain.uexp" 112
"../../../Engine/Content/EditorResources/S_Solver.ubulk" 113
"../../../Engine/Content/EditorResources/S_Solver.uasset" 114
"../../../Engine/Content/EditorResources/S_Solver.uexp" 115
"../../../Engine/Content/EditorResources/EmptyActor.uasset" 116
"../../../Engine/Content/EditorResources/EmptyActor.uexp" 117
"../../../Engine/Content/EditorResources/BSPVertex.uasset" 118
"../../../Engine/Content/EditorResources/BSPVertex.uexp" 119
"../../../Engine/Content/EditorMaterials/PreviewShadowIndicator.ubulk" 120
"../../../Engine/Content/EditorMaterials/PreviewShadowIndicator.uasset" 121
"../../../Engine/Content/EditorMaterials/PreviewShadowIndicator.uexp" 122
"../../../Engine/Content/EditorMaterials/PreviewShadowIndicatorMaterial.uasset" 123
"../../../Engine/Content/EditorMaterials/PreviewShadowIndicatorMaterial.uexp" 124
"../../../Engine/Content/EditorMaterials/PhAT_UnselectedMaterial.uasset" 125
"../../../Engine/Content/EditorMaterials/PhAT_UnselectedMaterial.uexp" 126
"../../../Engine/Content/EditorMaterials/PhAT_NoCollisionMaterial.uasset" 127
"../../../Engine/Content/EditorMaterials/PhAT_NoCollisionMaterial.uexp" 128
"../../../Engine/Content/EditorLandscapeResources/DefaultAlphaTexture.uasset" 129
"../../../Engine/Content/EditorLandscapeResources/DefaultAlphaTexture.uexp" 130
"../../../Engine/Content/BasicShapes/BasicShapeMaterial.uasset" 131
"../../../Engine/Content/BasicShapes/BasicShapeMaterial.uexp" 132
"../../../Engine/Plugins/Editor/SpeedTreeImporter/Content/SpeedTree9/game_wind_noise.ubulk" 133
"../../../Engine/Plugins/Editor/SpeedTreeImporter/Content/SpeedTree9/game_wind_noise.uasset" 134
"../../../Engine/Plugins/Editor/SpeedTreeImporter/Content/SpeedTree9/game_wind_noise.uexp" 135
"../../../Engine/Plugins/Editor/SpeedTreeImporter/Content/SpeedTree9/UnpackDirection.uasset" 136
"../../../Engine/Plugins/Editor/SpeedTreeImporter/Content/SpeedTree9/UnpackDirection.uexp" 137
"../../../Engine/Content/Functions/Engine_MaterialFunctions02/ObjectLocalBounds.uasset" 138
"../../../Engine/Content/Functions/Engine_MaterialFunctions02/ObjectLocalBounds.uexp" 139
"../../../Engine/Content/Functions/Engine_MaterialFunctions02/Utility/BreakOutFloat3Components.uasset" 140
"../../../Engine/Content/Functions/Engine_MaterialFunctions02/Utility/BreakOutFloat3Components.uexp" 141
"../../../Engine/Content/Functions/Engine_MaterialFunctions02/UVs/BoundingBoxBased_0-1_UVW.uasset" 142
"../../../Engine/Content/Functions/Engine_MaterialFunctions02/UVs/BoundingBoxBased_0-1_UVW.uexp" 143
"../../../Engine/Content/Functions/Engine_MaterialFunctions02/Utility/VectorLength.uasset" 144
"../../../Engine/Content/Functions/Engine_MaterialFunctions02/Utility/VectorLength.uexp" 145
"../../../Engine/Plugins/Editor/SpeedTreeImporter/Content/SpeedTree9/UnpackInteger3.uasset" 146
"../../../Engine/Plugins/Editor/SpeedTreeImporter/Content/SpeedTree9/UnpackInteger3.uexp" 147
"../../../Engine/Plugins/Editor/SpeedTreeImporter/Content/SpeedTree9/SpeedTreeCameraFacing.uasset" 148
"../../../Engine/Plugins/Editor/SpeedTreeImporter/Content/SpeedTree9/SpeedTreeCameraFacing.uexp" 149
"../../../Engine/Content/Functions/Engine_MaterialFunctions02/WorldPositionOffset/ObjectScale.uasset" 150
"../../../Engine/Content/Functions/Engine_MaterialFunctions02/WorldPositionOffset/ObjectScale.uexp" 151
"../../../Engine/Content/Functions/Engine_MaterialFunctions02/SafeNormalize.uasset" 152
"../../../Engine/Content/Functions/Engine_MaterialFunctions02/SafeNormalize.uexp" 153
"../../../Engine/Plugins/Editor/SpeedTreeImporter/Content/SpeedTree9/SpeedTreeWindMotion.uasset" 154
"../../../Engine/Plugins/Editor/SpeedTreeImporter/Content/SpeedTree9/SpeedTreeWindMotion.uexp" 155
"../../../Engine/Plugins/Editor/SpeedTreeImporter/Content/SpeedTree9/SpeedTreeBranchMotion.uasset" 156
"../../../Engine/Plugins/Editor/SpeedTreeImporter/Content/SpeedTree9/SpeedTreeBranchMotion.uexp" 157
"../../../Engine/Plugins/Editor/SpeedTreeImporter/Content/SpeedTree9/SpeedTreeWind.uasset" 158
"../../../Engine/Plugins/Editor/SpeedTreeImporter/Content/SpeedTree9/SpeedTreeWind.uexp" 159
"../../../Engine/Plugins/Editor/SpeedTreeImporter/Content/SpeedTree9/EmptyNormal.uasset" 160
"../../../Engine/Plugins/Editor/SpeedTreeImporter/Content/SpeedTree9/EmptyNormal.uexp" 161
"../../../Engine/Plugins/Editor/SpeedTreeImporter/Content/SpeedTree9/Empty.uasset" 162
"../../../Engine/Plugins/Editor/SpeedTreeImporter/Content/SpeedTree9/Empty.uexp" 163
"../../../Engine/Plugins/Editor/SpeedTreeImporter/Content/SpeedTree9/SpeedTreeMaster.uasset" 164
"../../../Engine/Plugins/Editor/SpeedTreeImporter/Content/SpeedTree9/SpeedTreeMaster.uexp" 165
"../../../Engine/Plugins/Editor/SpeedTreeImporter/Content/SpeedTree9/SpeedTreeBillboard.uasset" 166
"../../../Engine/Plugins/Editor/SpeedTreeImporter/Content/SpeedTree9/SpeedTreeBillboard.uexp" 167
"../../../Engine/Plugins/Editor/SpeedTreeImporter/Content/SpeedTree9/SpeedTreeBillboardMaster.uasset" 168
"../../../Engine/Plugins/Editor/SpeedTreeImporter/Content/SpeedTree9/SpeedTreeBillboardMaster.uexp" 169
"../../../Engine/Plugins/Animation/ControlRig/Content/Controls/ControlRigXRayMaterial.uasset" 170
"../../../Engine/Plugins/Animation/ControlRig/Content/Controls/ControlRigXRayMaterial.uexp" 171
"../../../Engine/Plugins/Animation/ControlRig/Content/Controls/ControlRigGizmoMaterial.uasset" 172
"../../../Engine/Plugins/Animation/ControlRig/Content/Controls/ControlRigGizmoMaterial.uexp" 173
"../../../Engine/Content/EngineResources/GradientTexture0.uasset" 174
"../../../Engine/Content/EngineResources/GradientTexture0.uexp" 175
"../../../Engine/Content/EngineResources/Black.uasset" 176
"../../../Engine/Content/EngineResources/Black.uexp" 177
"../../../Engine/Content/EngineMaterials/WeightMapPlaceholderTexture.uasset" 178
"../../../Engine/Content/EngineMaterials/WeightMapPlaceholderTexture.uexp" 179
"../../../Engine/Content/EngineMaterials/WeightMapArrayPlaceholderTexture.uasset" 180
"../../../Engine/Content/EngineMaterials/WeightMapArrayPlaceholderTexture.uexp" 181
"../../../Engine/Content/EngineMaterials/RemoveSurfaceMaterial.uasset" 182
"../../../Engine/Content/EngineMaterials/RemoveSurfaceMaterial.uexp" 183
"../../../Engine/Content/EngineMaterials/PreintegratedSkinBRDF.uasset" 184
"../../../Engine/Content/EngineMaterials/PreintegratedSkinBRDF.uexp" 185
"../../../Engine/Content/EngineMaterials/DefaultCalibrationGrayscale.uasset" 186
"../../../Engine/Content/EngineMaterials/DefaultCalibrationGrayscale.uexp" 187
"../../../Engine/Content/EngineMaterials/PPM_DefaultCalibrationGrayscale.uasset" 188
"../../../Engine/Content/EngineMaterials/PPM_DefaultCalibrationGrayscale.uexp" 189
"../../../Engine/Content/EngineMaterials/DefaultCalibrationColor.uasset" 190
"../../../Engine/Content/EngineMaterials/DefaultCalibrationColor.uexp" 191
"../../../Engine/Content/EngineMaterials/PPM_DefaultCalibrationColor.uasset" 192
"../../../Engine/Content/EngineMaterials/PPM_DefaultCalibrationColor.uexp" 193
"../../../Engine/Content/EngineMaterials/PhAT_JointLimitMaterial.uasset" 194
"../../../Engine/Content/EngineMaterials/PhAT_JointLimitMaterial.uexp" 195
"../../../Engine/Content/EngineMaterials/NaniteHiddenSectionMaterial.uasset" 196
"../../../Engine/Content/EngineMaterials/NaniteHiddenSectionMaterial.uexp" 197
"../../../Engine/Content/EngineMaterials/InvalidLightmapSettings.ubulk" 198
"../../../Engine/Content/EngineMaterials/InvalidLightmapSettings.uasset" 199
"../../../Engine/Content/EngineMaterials/InvalidLightmapSettings.uexp" 200
"../../../Engine/Content/EngineMaterials/M_InvalidLightmapSettings.uasset" 201
"../../../Engine/Content/EngineMaterials/M_InvalidLightmapSettings.uexp" 202
"../../../Engine/Content/EngineMaterials/MiniFont.uasset" 203
"../../../Engine/Content/EngineMaterials/MiniFont.uexp" 204
"../../../Engine/Content/EngineMaterials/GizmoMaterial.uasset" 205
"../../../Engine/Content/EngineMaterials/GizmoMaterial.uexp" 206
"../../../Engine/Content/EngineMaterials/BaseFlattenEmissiveMap_VT.uasset" 207
"../../../Engine/Content/EngineMaterials/BaseFlattenEmissiveMap_VT.uexp" 208
"../../../Engine/Content/EngineMaterials/BaseFlattenGrayscaleMap_VT.uasset" 209
"../../../Engine/Content/EngineMaterials/BaseFlattenGrayscaleMap_VT.uexp" 210
"../../../Engine/Content/EngineMaterials/BaseFlattenLinearColor_VT.uasset" 211
"../../../Engine/Content/EngineMaterials/BaseFlattenLinearColor_VT.uexp" 212
"../../../Engine/Content/EngineMaterials/Black_1x1_EXR_Texture_VT.uasset" 213
"../../../Engine/Content/EngineMaterials/Black_1x1_EXR_Texture_VT.uexp" 214
"../../../Engine/Content/EngineMaterials/BaseFlattenDiffuseMap_VT.uasset" 215
"../../../Engine/Content/EngineMaterials/BaseFlattenDiffuseMap_VT.uexp" 216
"../../../Engine/Content/EngineMaterials/BaseFlattenNormalMap_VT.uasset" 217
"../../../Engine/Content/EngineMaterials/BaseFlattenNormalMap_VT.uexp" 218
"../../../Engine/Content/EngineMaterials/FlattenMaterial_WS_Normal_VT.uasset" 219
"../../../Engine/Content/EngineMaterials/FlattenMaterial_WS_Normal_VT.uexp" 220
"../../../Engine/Content/EngineMaterials/FlattenMaterial_VT.uasset" 221
"../../../Engine/Content/EngineMaterials/FlattenMaterial_VT.uexp" 222
"../../../Engine/Content/EngineMaterials/BaseFlattenNormalMap.uasset" 223
"../../../Engine/Content/EngineMaterials/BaseFlattenNormalMap.uexp" 224
"../../../Engine/Content/EngineMaterials/BaseFlattenGrayscaleMap.uasset" 225
"../../../Engine/Content/EngineMaterials/BaseFlattenGrayscaleMap.uexp" 226
"../../../Engine/Content/EngineMaterials/BaseFlattenDiffuseMap.uasset" 227
"../../../Engine/Content/EngineMaterials/BaseFlattenDiffuseMap.uexp" 228
"../../../Engine/Content/Functions/Engine_MaterialFunctions02/PivotPainter2/Black_1x1_EXR_Texture.uasset" 229
"../../../Engine/Content/Functions/Engine_MaterialFunctions02/PivotPainter2/Black_1x1_EXR_Texture.uexp" 230
"../../../Engine/Content/EngineMaterials/BaseFlattenEmissiveMap.uasset" 231
"../../../Engine/Content/EngineMaterials/BaseFlattenEmissiveMap.uexp" 232
"../../../Engine/Content/EngineMaterials/BaseFlattenLinearColor.uasset" 233
"../../../Engine/Content/EngineMaterials/BaseFlattenLinearColor.uexp" 234
"../../../Engine/Content/EngineMaterials/FlattenMaterial.uasset" 235
"../../../Engine/Content/EngineMaterials/FlattenMaterial.uexp" 236
"../../../Engine/Content/EngineMaterials/FastBlueNoise_vec2_128x128x64.uasset" 237
"../../../Engine/Content/EngineMaterials/FastBlueNoise_vec2_128x128x64.uexp" 238
"../../../Engine/Content/EngineMaterials/FastBlueNoise_scalar_128x128x64.uasset" 239
"../../../Engine/Content/EngineMaterials/FastBlueNoise_scalar_128x128x64.uexp" 240
"../../../Engine/Content/EngineMaterials/DefaultWhiteGrid_Low.uasset" 241
"../../../Engine/Content/EngineMaterials/DefaultWhiteGrid_Low.uexp" 242
"../../../Engine/Content/EngineMaterials/EmissiveMeshMaterial.uasset" 243
"../../../Engine/Content/EngineMaterials/EmissiveMeshMaterial.uexp" 244
"../../../Engine/Content/EngineMaterials/DefaultWhiteGrid.ubulk" 245
"../../../Engine/Content/EngineMaterials/DefaultWhiteGrid.uasset" 246
"../../../Engine/Content/EngineMaterials/DefaultWhiteGrid.uexp" 247
"../../../Engine/Content/EngineFonts/RobotoDistanceField.uasset" 248
"../../../Engine/Content/EngineFonts/RobotoDistanceField.uexp" 249
"../../../Engine/Content/EngineMaterials/DefaultTextMaterialOpaque.uasset" 250
"../../../Engine/Content/EngineMaterials/DefaultTextMaterialOpaque.uexp" 251
"../../../Engine/Content/EngineMaterials/DefaultDiffuse.ubulk" 252
"../../../Engine/Content/EngineMaterials/DefaultDiffuse.uasset" 253
"../../../Engine/Content/EngineMaterials/DefaultDiffuse.uexp" 254
"../../../Engine/Content/Functions/Engine_MaterialFunctions02/Utility/BreakOutFloat2Components.uasset" 255
"../../../Engine/Content/Functions/Engine_MaterialFunctions02/Utility/BreakOutFloat2Components.uexp" 256
"../../../Engine/Content/EngineMaterials/DefaultPostProcessMaterial.uasset" 257
"../../../Engine/Content/EngineMaterials/DefaultPostProcessMaterial.uexp" 258
"../../../Engine/Content/EngineMaterials/DefaultLightFunctionMaterial.uasset" 259
"../../../Engine/Content/EngineMaterials/DefaultLightFunctionMaterial.uexp" 260
"../../../Engine/Content/EngineMaterials/DefaultDeferredDecalMaterial.uasset" 261
"../../../Engine/Content/EngineMaterials/DefaultDeferredDecalMaterial.uexp" 262
"../../../Engine/Content/EngineMaterials/DefaultBokeh.uasset" 263
"../../../Engine/Content/EngineMaterials/DefaultBokeh.uexp" 264
"../../../Engine/Content/EngineMaterials/DefaultBloomKernel.uasset" 265
"../../../Engine/Content/EngineMaterials/DefaultBloomKernel.uexp" 266
"../../../Engine/Content/Functions/Engine_MaterialFunctions02/Utility/CameraDirectionVector.uasset" 267
"../../../Engine/Content/Functions/Engine_MaterialFunctions02/Utility/CameraDirectionVector.uexp" 268
"../../../Engine/Content/EngineDebugMaterials/VolumeToRender.uasset" 269
"../../../Engine/Content/EngineDebugMaterials/VolumeToRender.uexp" 270
"../../../Engine/Content/EngineDebugMaterials/M_VolumeRenderSphereTracePP.uasset" 271
"../../../Engine/Content/EngineDebugMaterials/M_VolumeRenderSphereTracePP.uexp" 272
"../../../Engine/Content/EngineDebugMaterials/M_SimpleUnlitTranslucent.uasset" 273
"../../../Engine/Content/EngineDebugMaterials/M_SimpleUnlitTranslucent.uexp" 274
"../../../Engine/Content/EngineDebugMaterials/DebugMeshMaterial.uasset" 275
"../../../Engine/Content/EngineDebugMaterials/DebugMeshMaterial.uexp" 276
"../../../Engine/Content/EngineDebugMaterials/DebugEditorMaterial.uasset" 277
"../../../Engine/Content/EngineDebugMaterials/DebugEditorMaterial.uexp" 278
"../../../Engine/Content/EngineDamageTypes/DmgTypeBP_Environmental.uasset" 279
"../../../Engine/Content/EngineDamageTypes/DmgTypeBP_Environmental.uexp" 280
"../../../Engine/Plugins/Runtime/MeshModelingToolset/Content/Materials/M_DynamicMeshComponentVtxColor.uasset" 281
"../../../Engine/Plugins/Runtime/MeshModelingToolset/Content/Materials/M_DynamicMeshComponentVtxColor.uexp" 282
"../../../Engine/Plugins/Runtime/HairStrands/Content/Materials/HairMeshesDefaultMaterial.uasset" 283
"../../../Engine/Plugins/Runtime/HairStrands/Content/Materials/HairMeshesDefaultMaterial.uexp" 284
"../../../Engine/Plugins/Runtime/HairStrands/Content/Materials/HairDefaultMaterial.uasset" 285
"../../../Engine/Plugins/Runtime/HairStrands/Content/Materials/HairDefaultMaterial.uexp" 286
"../../../Engine/Plugins/Runtime/HairStrands/Content/Materials/HairGroupColors.uasset" 287
"../../../Engine/Plugins/Runtime/HairStrands/Content/Materials/HairGroupColors.uexp" 288
"../../../Engine/Content/Functions/Engine_MaterialFunctions02/Utility/MakeFloat2.uasset" 289
"../../../Engine/Content/Functions/Engine_MaterialFunctions02/Utility/MakeFloat2.uexp" 290
"../../../Engine/Content/Functions/Engine_MaterialFunctions02/Utility/MakeFloat3.uasset" 291
"../../../Engine/Content/Functions/Engine_MaterialFunctions02/Utility/MakeFloat3.uexp" 292
"../../../Engine/Content/EngineMaterials/HairColorMap.uasset" 293
"../../../Engine/Content/EngineMaterials/HairColorMap.uexp" 294
"../../../Engine/Content/EngineMaterials/HairDebugColor.uasset" 295
"../../../Engine/Content/EngineMaterials/HairDebugColor.uexp" 296
"../../../Engine/Plugins/Runtime/HairStrands/Content/Materials/HairDebugMaterial.uasset" 297
"../../../Engine/Plugins/Runtime/HairStrands/Content/Materials/HairDebugMaterial.uexp" 298
"../../../Engine/Plugins/Runtime/HairStrands/Content/Materials/HairCardsDefaultMaterial.uasset" 299
"../../../Engine/Plugins/Runtime/HairStrands/Content/Materials/HairCardsDefaultMaterial.uexp" 300
"../../../Engine/Plugins/Runtime/AudioWidgets/Content/Resources/ScrubHandleDown_Clamped.uasset" 301
"../../../Engine/Plugins/Runtime/AudioWidgets/Content/Resources/ScrubHandleDown_Clamped.uexp" 302
"../../../Engine/Plugins/Interchange/Assets/Content/Functions/MX_UsdPreviewSurface.uasset" 303
"../../../Engine/Plugins/Interchange/Assets/Content/Functions/MX_UsdPreviewSurface.uexp" 304
"../../../Engine/Plugins/Interchange/Assets/Content/Functions/MX_UniformEDF.uasset" 305
"../../../Engine/Plugins/Interchange/Assets/Content/Functions/MX_UniformEDF.uexp" 306
"../../../Engine/Plugins/Interchange/Assets/Content/Functions/MX_TranslucentBSDF.uasset" 307
"../../../Engine/Plugins/Interchange/Assets/Content/Functions/MX_TranslucentBSDF.uexp" 308
"../../../Engine/Plugins/Interchange/Assets/Content/Functions/MX_ThinFilmBSDF.uasset" 309
"../../../Engine/Plugins/Interchange/Assets/Content/Functions/MX_ThinFilmBSDF.uexp" 310
"../../../Engine/Plugins/Interchange/Assets/Content/Functions/MX_SurfaceUnlit.uasset" 311
"../../../Engine/Plugins/Interchange/Assets/Content/Functions/MX_SurfaceUnlit.uexp" 312
"../../../Engine/Plugins/Interchange/Assets/Content/Functions/MX_Surface.uasset" 313
"../../../Engine/Plugins/Interchange/Assets/Content/Functions/MX_Surface.uexp" 314
"../../../Engine/Plugins/Interchange/Assets/Content/Functions/MX_SubsurfaceBSDF.uasset" 315
"../../../Engine/Plugins/Interchange/Assets/Content/Functions/MX_SubsurfaceBSDF.uexp" 316
"../../../Engine/Plugins/Interchange/Assets/Content/Functions/MX_SheenBSDF.uasset" 317
"../../../Engine/Plugins/Interchange/Assets/Content/Functions/MX_SheenBSDF.uexp" 318
"../../../Engine/Plugins/Interchange/Assets/Content/Functions/MX_OrenNayarBSDF.uasset" 319
"../../../Engine/Plugins/Interchange/Assets/Content/Functions/MX_OrenNayarBSDF.uexp" 320
"../../../Engine/Plugins/Interchange/Assets/Content/Utilities/New_LUT.uasset" 321
"../../../Engine/Plugins/Interchange/Assets/Content/Utilities/New_LUT.uexp" 322
"../../../Engine/Content/Functions/Engine_MaterialFunctions03/Math/RemapValueRange.uasset" 323
"../../../Engine/Content/Functions/Engine_MaterialFunctions03/Math/RemapValueRange.uexp" 324
"../../../Engine/Plugins/Interchange/Assets/Content/Functions/MF_Iridescence.uasset" 325
"../../../Engine/Plugins/Interchange/Assets/Content/Functions/MF_Iridescence.uexp" 326
"../../../Engine/Plugins/Interchange/Assets/Content/Functions/MX_StandardSurface.uasset" 327
"../../../Engine/Plugins/Interchange/Assets/Content/Functions/MX_StandardSurface.uexp" 328
"../../../Engine/Plugins/Interchange/Assets/Content/Functions/MX_TransmissionSurface.uasset" 329
"../../../Engine/Plugins/Interchange/Assets/Content/Functions/MX_TransmissionSurface.uexp" 330
"../../../Engine/Plugins/Interchange/Assets/Content/Functions/MX_OpenPBR_Translucent.uasset" 331
"../../../Engine/Plugins/Interchange/Assets/Content/Functions/MX_OpenPBR_Translucent.uexp" 332
"../../../Engine/Plugins/Interchange/Assets/Content/Functions/MX_OpenPBR_Opaque.uasset" 333
"../../../Engine/Plugins/Interchange/Assets/Content/Functions/MX_OpenPBR_Opaque.uexp" 334
"../../../Engine/Plugins/Interchange/Assets/Content/Functions/MX_MeasuredEDF.uasset" 335
"../../../Engine/Plugins/Interchange/Assets/Content/Functions/MX_MeasuredEDF.uexp" 336
"../../../Engine/Plugins/Interchange/Assets/Content/Functions/MX_GeneralizedSchlickBSDF.uasset" 337
"../../../Engine/Plugins/Interchange/Assets/Content/Functions/MX_GeneralizedSchlickBSDF.uexp" 338
"../../../Engine/Plugins/Interchange/Assets/Content/Functions/MX_DielectricBSDF.uasset" 339
"../../../Engine/Plugins/Interchange/Assets/Content/Functions/MX_DielectricBSDF.uexp" 340
"../../../Engine/Plugins/Interchange/Assets/Content/Functions/MX_ConicalEDF.uasset" 341
"../../../Engine/Plugins/Interchange/Assets/Content/Functions/MX_ConicalEDF.uexp" 342
"../../../Engine/Plugins/Interchange/Assets/Content/Functions/MX_ConductorBSDF.uasset" 343
"../../../Engine/Plugins/Interchange/Assets/Content/Functions/MX_ConductorBSDF.uexp" 344
"../../../Engine/Plugins/Interchange/Assets/Content/Functions/MX_BurleyDiffuseBSDF.uasset" 345
"../../../Engine/Plugins/Interchange/Assets/Content/Functions/MX_BurleyDiffuseBSDF.uexp" 346
"../../../Engine/Plugins/Interchange/Assets/Content/Functions/MX_AnisotropicVDF.uasset" 347
"../../../Engine/Plugins/Interchange/Assets/Content/Functions/MX_AnisotropicVDF.uexp" 348
"../../../Engine/Plugins/Interchange/Assets/Content/Functions/MX_AbsorptionVDF.uasset" 349
"../../../Engine/Plugins/Interchange/Assets/Content/Functions/MX_AbsorptionVDF.uexp" 350
"../../../Engine/Content/EngineResources/FilmGrains/Marcie_Grain_v3_128_M2_000.uasset" 351
"../../../Engine/Content/EngineResources/FilmGrains/Marcie_Grain_v3_128_M2_000.uexp" 352
"../../../Engine/Content/EngineMaterials/LTC/Sheen_LTC.uasset" 353
"../../../Engine/Content/EngineMaterials/LTC/Sheen_LTC.uexp" 354
"../../../Engine/Content/EngineMaterials/LTC/GGX_LTCMat.uasset" 355
"../../../Engine/Content/EngineMaterials/LTC/GGX_LTCMat.uexp" 356
"../../../Engine/Content/EngineMaterials/LTC/GGX_LTCAmp.uasset" 357
"../../../Engine/Content/EngineMaterials/LTC/GGX_LTCAmp.uexp" 358
"../../../Engine/Content/EngineMaterials/EnergyConservation/Sheen_Energy.uasset" 359
"../../../Engine/Content/EngineMaterials/EnergyConservation/Sheen_Energy.uexp" 360
"../../../Engine/Content/EngineMaterials/EnergyConservation/SheenLegacy_Energy.uasset" 361
"../../../Engine/Content/EngineMaterials/EnergyConservation/SheenLegacy_Energy.uexp" 362
"../../../Engine/Content/EngineMaterials/EnergyConservation/GGX_TransmissionEnergyArray.uasset" 363
"../../../Engine/Content/EngineMaterials/EnergyConservation/GGX_TransmissionEnergyArray.uexp" 364
"../../../Engine/Content/EngineMaterials/EnergyConservation/GGX_ReflectionEnergy.uasset" 365
"../../../Engine/Content/EngineMaterials/EnergyConservation/GGX_ReflectionEnergy.uexp" 366
"../../../Engine/Content/EngineMaterials/EnergyConservation/Diffuse_Energy.uasset" 367
"../../../Engine/Content/EngineMaterials/EnergyConservation/Diffuse_Energy.uexp" 368
"../../../Engine/Content/EditorResources/SequenceRecorder/RecordingIndicator.uasset" 369
"../../../Engine/Content/EditorResources/SequenceRecorder/RecordingIndicator.uexp" 370
"../../../Engine/Content/EditorResources/SequenceRecorder/Countdown.uasset" 371
"../../../Engine/Content/EditorResources/SequenceRecorder/Countdown.uexp" 372
"../../../Engine/Content/EditorMaterials/ParticleSystems/PSysThumbnail_OOD.ubulk" 373
"../../../Engine/Content/EditorMaterials/ParticleSystems/PSysThumbnail_OOD.uasset" 374
"../../../Engine/Content/EditorMaterials/ParticleSystems/PSysThumbnail_OOD.uexp" 375
"../../../Engine/Content/EditorMaterials/ParticleSystems/PSysThumbnail_NoImage.ubulk" 376
"../../../Engine/Content/EditorMaterials/ParticleSystems/PSysThumbnail_NoImage.uasset" 377
"../../../Engine/Content/EditorMaterials/ParticleSystems/PSysThumbnail_NoImage.uexp" 378
"../../../Engine/Content/EditorMaterials/Dataflow/DataflowVertexMaterial.uasset" 379
"../../../Engine/Content/EditorMaterials/Dataflow/DataflowVertexMaterial.uexp" 380
"../../../Engine/Content/EditorMaterials/Dataflow/DataflowTwoSidedVertexMaterial.uasset" 381
"../../../Engine/Content/EditorMaterials/Dataflow/DataflowTwoSidedVertexMaterial.uexp" 382
"../../../Engine/Content/Functions/Engine_MaterialFunctions01/Shading/PowerToRoughness.uasset" 383
"../../../Engine/Content/Functions/Engine_MaterialFunctions01/Shading/PowerToRoughness.uexp" 384
"../../../Engine/Content/Functions/Engine_MaterialFunctions01/Shading/ConvertFromDiffSpec.uasset" 385
"../../../Engine/Content/Functions/Engine_MaterialFunctions01/Shading/ConvertFromDiffSpec.uexp" 386
"../../../Engine/Content/EngineMeshes/Sphere.uasset" 387
"../../../Engine/Content/EngineMeshes/Sphere.uexp" 388
"../../../Engine/Content/EngineMaterials/Substrate/Volume/SubstrateSimpleVolumeLUT3D.uasset" 389
"../../../Engine/Content/EngineMaterials/Substrate/Volume/SubstrateSimpleVolumeLUT3D.uexp" 390
"../../../Engine/Content/EngineMaterials/Substrate/Volume/SubstrateSimpleVolumeEnvLUT3D.uasset" 391
"../../../Engine/Content/EngineMaterials/Substrate/Volume/SubstrateSimpleVolumeEnvLUT3D.uexp" 392
"../../../Engine/Content/EngineMaterials/Substrate/GLints2/AGlintTex2dArray2.uasset" 393
"../../../Engine/Content/EngineMaterials/Substrate/GLints2/AGlintTex2dArray2.uexp" 394
"../../../Engine/Content/EngineMaterials/Substrate/GLints/AGlintTex2dArray.uasset" 395
"../../../Engine/Content/EngineMaterials/Substrate/GLints/AGlintTex2dArray.uexp" 396
"../../../Engine/Content/EngineMaterials/T_Default_Material_Grid_M.ubulk" 397
"../../../Engine/Content/EngineMaterials/T_Default_Material_Grid_M.uasset" 398
"../../../Engine/Content/EngineMaterials/T_Default_Material_Grid_M.uexp" 399
"../../../Engine/Content/EngineMaterials/T_Default_Material_Grid_N.ubulk" 400
"../../../Engine/Content/EngineMaterials/T_Default_Material_Grid_N.uasset" 401
"../../../Engine/Content/EngineMaterials/T_Default_Material_Grid_N.uexp" 402
"../../../Engine/Content/Functions/Engine_MaterialFunctions01/Opacity/CameraDepthFade.uasset" 403
"../../../Engine/Content/Functions/Engine_MaterialFunctions01/Opacity/CameraDepthFade.uexp" 404
"../../../Engine/Content/EngineMaterials/WorldGridMaterial.uasset" 405
"../../../Engine/Content/EngineMaterials/WorldGridMaterial.uexp" 406
"../../../Engine/Content/ArtTools/RenderToTexture/Meshes/S_1_Unit_Plane.uasset" 407
"../../../Engine/Content/ArtTools/RenderToTexture/Meshes/S_1_Unit_Plane.uexp" 408
"../../../Engine/Content/EditorMaterials/Camera/CineMat.uasset" 409
"../../../Engine/Content/EditorMaterials/Camera/CineMat.uexp" 410
"../../../Engine/Content/EditorMaterials/Camera/MI_CineMat_Rig.uasset" 411
"../../../Engine/Content/EditorMaterials/Camera/MI_CineMat_Rig.uexp" 412
"../../../Engine/Content/EditorMeshes/Camera/SM_CraneRig_Arm.uasset" 413
"../../../Engine/Content/EditorMeshes/Camera/SM_CraneRig_Arm.uexp" 414
"../../../Engine/Content/EditorMeshes/Camera/SM_CraneRig_Base.uasset" 415
"../../../Engine/Content/EditorMeshes/Camera/SM_CraneRig_Base.uexp" 416
"../../../Engine/Content/EditorMeshes/Camera/SM_CraneRig_Body.uasset" 417
"../../../Engine/Content/EditorMeshes/Camera/SM_CraneRig_Body.uexp" 418
"../../../Engine/Content/EditorMeshes/Camera/SM_CraneRig_Mount.uasset" 419
"../../../Engine/Content/EditorMeshes/Camera/SM_CraneRig_Mount.uexp" 420
"../../../Engine/Content/EditorMeshes/Camera/SM_RailRig_Mount.uasset" 421
"../../../Engine/Content/EditorMeshes/Camera/SM_RailRig_Mount.uexp" 422
"../../../Engine/Content/EditorMeshes/Camera/SM_RailRig_Track.uasset" 423
"../../../Engine/Content/EditorMeshes/Camera/SM_RailRig_Track.uexp" 424
"../../../Engine/Content/EngineSky/VolumetricClouds/T_CloudMask.ubulk" 425
"../../../Engine/Content/EngineSky/VolumetricClouds/T_CloudMask.uasset" 426
"../../../Engine/Content/EngineSky/VolumetricClouds/T_CloudMask.uexp" 427
"../../../Engine/Content/EngineSky/VolumetricClouds/VT_Lightning.uasset" 428
"../../../Engine/Content/EngineSky/VolumetricClouds/VT_Lightning.uexp" 429
"../../../Engine/Content/EngineSky/VolumetricClouds/T_Profile_08.ubulk" 430
"../../../Engine/Content/EngineSky/VolumetricClouds/T_Profile_08.uasset" 431
"../../../Engine/Content/EngineSky/VolumetricClouds/T_Profile_08.uexp" 432
"../../../Engine/Content/Functions/Engine_MaterialFunctions02/Utility/MakeFloat4.uasset" 433
"../../../Engine/Content/Functions/Engine_MaterialFunctions02/Utility/MakeFloat4.uexp" 434
"../../../Engine/Content/Functions/Engine_MaterialFunctions01/Units/Km-to-Cm.uasset" 435
"../../../Engine/Content/Functions/Engine_MaterialFunctions01/Units/Km-to-Cm.uexp" 436
"../../../Engine/Content/Functions/Engine_MaterialFunctions02/Utility/BreakOutFloat4Components.uasset" 437
"../../../Engine/Content/Functions/Engine_MaterialFunctions02/Utility/BreakOutFloat4Components.uexp" 438
"../../../Engine/Content/EngineSky/VolumetricClouds/T_CloudPattern.ubulk" 439
"../../../Engine/Content/EngineSky/VolumetricClouds/T_CloudPattern.uasset" 440
"../../../Engine/Content/EngineSky/VolumetricClouds/T_CloudPattern.uexp" 441
"../../../Engine/Content/EngineSky/VolumetricClouds/VT_PerlinWorley_Balanced.uasset" 442
"../../../Engine/Content/EngineSky/VolumetricClouds/VT_PerlinWorley_Balanced.uexp" 443
"../../../Engine/Content/EngineSky/VolumetricClouds/m_SimpleVolumetricCloud.uasset" 444
"../../../Engine/Content/EngineSky/VolumetricClouds/m_SimpleVolumetricCloud.uexp" 445
"../../../Engine/Content/EngineSky/VolumetricClouds/m_SimpleVolumetricCloud_Inst.uasset" 446
"../../../Engine/Content/EngineSky/VolumetricClouds/m_SimpleVolumetricCloud_Inst.uexp" 447
"../../../Engine/Content/VREditor/LaserPointer/VR_LaserPower_01.ubulk" 448
"../../../Engine/Content/VREditor/LaserPointer/VR_LaserPower_01.uasset" 449
"../../../Engine/Content/VREditor/LaserPointer/VR_LaserPower_01.uexp" 450
"../../../Engine/Content/VREditor/TransformGizmo/TransformGizmoMaterial.uasset" 451
"../../../Engine/Content/VREditor/TransformGizmo/TransformGizmoMaterial.uexp" 452
"../../../Engine/Content/VREditor/TransformGizmo/TranslucentTransformGizmoMaterial.uasset" 453
"../../../Engine/Content/VREditor/TransformGizmo/TranslucentTransformGizmoMaterial.uexp" 454
"../../../Engine/Content/VREditor/TransformGizmo/BoundingBoxCorner.uasset" 455
"../../../Engine/Content/VREditor/TransformGizmo/BoundingBoxCorner.uexp" 456
"../../../Engine/Content/VREditor/TransformGizmo/BoundingBoxEdge.uasset" 457
"../../../Engine/Content/VREditor/TransformGizmo/BoundingBoxEdge.uexp" 458
"../../../Engine/Content/VREditor/TransformGizmo/Main.uasset" 459
"../../../Engine/Content/VREditor/TransformGizmo/Main.uexp" 460
"../../../Engine/Content/VREditor/TransformGizmo/Xray.uasset" 461
"../../../Engine/Content/VREditor/TransformGizmo/Xray.uexp" 462
"../../../Engine/Content/VREditor/TransformGizmo/SM_Sequencer_Node.uasset" 463
"../../../Engine/Content/VREditor/TransformGizmo/SM_Sequencer_Node.uexp" 464
"../../../Engine/Content/Functions/Engine_MaterialFunctions02/Math/Transform3x3Matrix.uasset" 465
"../../../Engine/Content/Functions/Engine_MaterialFunctions02/Math/Transform3x3Matrix.uexp" 466
"../../../Engine/Plugins/Interchange/Assets/Content/gltf/Textures/T_White_srgb.uasset" 467
"../../../Engine/Plugins/Interchange/Assets/Content/gltf/Textures/T_White_srgb.uexp" 468
"../../../Engine/Plugins/Interchange/Assets/Content/gltf/MaterialFunctions/MF_Specular.uasset" 469
"../../../Engine/Plugins/Interchange/Assets/Content/gltf/MaterialFunctions/MF_Specular.uexp" 470
"../../../Engine/Plugins/Interchange/Assets/Content/gltf/Textures/T_Anisotropy_Direction_Linear.uasset" 471
"../../../Engine/Plugins/Interchange/Assets/Content/gltf/Textures/T_Anisotropy_Direction_Linear.uexp" 472
"../../../Engine/Plugins/Interchange/Assets/Content/gltf/MaterialFunctions/MF_SpecularAnisotropy.uasset" 473
"../../../Engine/Plugins/Interchange/Assets/Content/gltf/MaterialFunctions/MF_SpecularAnisotropy.uexp" 474
"../../../Engine/Plugins/Interchange/Assets/Content/gltf/Textures/T_White_Linear.uasset" 475
"../../../Engine/Plugins/Interchange/Assets/Content/gltf/Textures/T_White_Linear.uexp" 476
"../../../Engine/Plugins/Interchange/Assets/Content/gltf/MaterialFunctions/MF_MetallicRoughness.uasset" 477
"../../../Engine/Plugins/Interchange/Assets/Content/gltf/MaterialFunctions/MF_MetallicRoughness.uexp" 478
"../../../Engine/Plugins/Interchange/Assets/Content/gltf/Textures/T_Generic_N.uasset" 479
"../../../Engine/Plugins/Interchange/Assets/Content/gltf/Textures/T_Generic_N.uexp" 480
"../../../Engine/Plugins/Interchange/Assets/Content/gltf/MaterialFunctions/MF_ScaleNormal.uasset" 481
"../../../Engine/Plugins/Interchange/Assets/Content/gltf/MaterialFunctions/MF_ScaleNormal.uexp" 482
"../../../Engine/Plugins/Interchange/Assets/Content/gltf/MaterialFunctions/MF_BaseColor.uasset" 483
"../../../Engine/Plugins/Interchange/Assets/Content/gltf/MaterialFunctions/MF_BaseColor.uexp" 484
"../../../Engine/Plugins/Interchange/Assets/Content/gltf/MaterialFunctions/MF_Iridescence.uasset" 485
"../../../Engine/Plugins/Interchange/Assets/Content/gltf/MaterialFunctions/MF_Iridescence.uexp" 486
"../../../Engine/Plugins/Interchange/Assets/Content/gltf/MaterialFunctions/MF_Occlusion.uasset" 487
"../../../Engine/Plugins/Interchange/Assets/Content/gltf/MaterialFunctions/MF_Occlusion.uexp" 488
"../../../Engine/Plugins/Interchange/Assets/Content/gltf/MaterialFunctions/MF_IOR.uasset" 489
"../../../Engine/Plugins/Interchange/Assets/Content/gltf/MaterialFunctions/MF_IOR.uexp" 490
"../../../Engine/Plugins/Interchange/Assets/Content/gltf/MaterialFunctions/MF_RotateV2.uasset" 491
"../../../Engine/Plugins/Interchange/Assets/Content/gltf/MaterialFunctions/MF_RotateV2.uexp" 492
"../../../Engine/Plugins/Interchange/Assets/Content/gltf/MaterialFunctions/MF_TransformUVs.uasset" 493
"../../../Engine/Plugins/Interchange/Assets/Content/gltf/MaterialFunctions/MF_TransformUVs.uexp" 494
"../../../Engine/Plugins/Interchange/Assets/Content/gltf/MaterialFunctions/MF_Emissive.uasset" 495
"../../../Engine/Plugins/Interchange/Assets/Content/gltf/MaterialFunctions/MF_Emissive.uexp" 496
"../../../Engine/Plugins/Interchange/Assets/Content/gltf/MaterialFunctions/MF_RotateNormals_TS.uasset" 497
"../../../Engine/Plugins/Interchange/Assets/Content/gltf/MaterialFunctions/MF_RotateNormals_TS.uexp" 498
"../../../Engine/Plugins/Interchange/Assets/Content/gltf/MaterialFunctions/MF_Normals.uasset" 499
"../../../Engine/Plugins/Interchange/Assets/Content/gltf/MaterialFunctions/MF_Normals.uexp" 500
"../../../Engine/Content/Functions/Engine_MaterialFunctions01/Texturing/FlattenNormal.uasset" 501
"../../../Engine/Content/Functions/Engine_MaterialFunctions01/Texturing/FlattenNormal.uexp" 502
"../../../Engine/Plugins/Interchange/Assets/Content/gltf/MaterialFunctions/MF_Clearcoat.uasset" 503
"../../../Engine/Plugins/Interchange/Assets/Content/gltf/MaterialFunctions/MF_Clearcoat.uexp" 504
"../../../Engine/Plugins/Interchange/Assets/Content/gltf/MaterialBodies/MF_ClearCoat_Body.uasset" 505
"../../../Engine/Plugins/Interchange/Assets/Content/gltf/MaterialBodies/MF_ClearCoat_Body.uexp" 506
"../../../Engine/Plugins/Interchange/Assets/Content/gltf/M_ClearCoat.uasset" 507
"../../../Engine/Plugins/Interchange/Assets/Content/gltf/M_ClearCoat.uexp" 508
"../../../Engine/Plugins/Interchange/Assets/Content/gltf/MaterialInstances/MI_ClearCoat_Blend.uasset" 509
"../../../Engine/Plugins/Interchange/Assets/Content/gltf/MaterialInstances/MI_ClearCoat_Blend.uexp" 510
"../../../Engine/Plugins/Interchange/Assets/Content/gltf/MaterialInstances/MI_ClearCoat_Blend_DS.uasset" 511
"../../../Engine/Plugins/Interchange/Assets/Content/gltf/MaterialInstances/MI_ClearCoat_Blend_DS.uexp" 512
"../../../Engine/Plugins/Interchange/Assets/Content/gltf/MaterialInstances/MI_ClearCoat_Mask.uasset" 513
"../../../Engine/Plugins/Interchange/Assets/Content/gltf/MaterialInstances/MI_ClearCoat_Mask.uexp" 514
"../../../Engine/Plugins/Interchange/Assets/Content/gltf/MaterialInstances/MI_ClearCoat_Mask_DS.uasset" 515
"../../../Engine/Plugins/Interchange/Assets/Content/gltf/MaterialInstances/MI_ClearCoat_Mask_DS.uexp" 516
"../../../Engine/Plugins/Interchange/Assets/Content/gltf/MaterialInstances/MI_ClearCoat_Opaque.uasset" 517
"../../../Engine/Plugins/Interchange/Assets/Content/gltf/MaterialInstances/MI_ClearCoat_Opaque.uexp" 518
"../../../Engine/Plugins/Interchange/Assets/Content/gltf/MaterialInstances/MI_ClearCoat_Opaque_DS.uasset" 519
"../../../Engine/Plugins/Interchange/Assets/Content/gltf/MaterialInstances/MI_ClearCoat_Opaque_DS.uexp" 520
"../../../Engine/Plugins/Interchange/Assets/Content/gltf/MaterialBodies/MF_Default_Body.uasset" 521
"../../../Engine/Plugins/Interchange/Assets/Content/gltf/MaterialBodies/MF_Default_Body.uexp" 522
"../../../Engine/Plugins/Interchange/Assets/Content/gltf/M_Default.uasset" 523
"../../../Engine/Plugins/Interchange/Assets/Content/gltf/M_Default.uexp" 524
"../../../Engine/Plugins/Interchange/Assets/Content/gltf/MaterialInstances/MI_Default_Blend.uasset" 525
"../../../Engine/Plugins/Interchange/Assets/Content/gltf/MaterialInstances/MI_Default_Blend.uexp" 526
"../../../Engine/Plugins/Interchange/Assets/Content/gltf/MaterialInstances/MI_Default_Blend_DS.uasset" 527
"../../../Engine/Plugins/Interchange/Assets/Content/gltf/MaterialInstances/MI_Default_Blend_DS.uexp" 528
"../../../Engine/Plugins/Interchange/Assets/Content/gltf/MaterialInstances/MI_Default_Mask.uasset" 529
"../../../Engine/Plugins/Interchange/Assets/Content/gltf/MaterialInstances/MI_Default_Mask.uexp" 530
"../../../Engine/Plugins/Interchange/Assets/Content/gltf/MaterialInstances/MI_Default_Mask_DS.uasset" 531
"../../../Engine/Plugins/Interchange/Assets/Content/gltf/MaterialInstances/MI_Default_Mask_DS.uexp" 532
"../../../Engine/Plugins/Interchange/Assets/Content/gltf/MaterialInstances/MI_Default_Opaque.uasset" 533
"../../../Engine/Plugins/Interchange/Assets/Content/gltf/MaterialInstances/MI_Default_Opaque.uexp" 534
"../../../Engine/Plugins/Interchange/Assets/Content/gltf/MaterialInstances/MI_Default_Opaque_DS.uasset" 535
"../../../Engine/Plugins/Interchange/Assets/Content/gltf/MaterialInstances/MI_Default_Opaque_DS.uexp" 536
"../../../Engine/Plugins/Interchange/Assets/Content/gltf/MaterialFunctions/MF_Sheen.uasset" 537
"../../../Engine/Plugins/Interchange/Assets/Content/gltf/MaterialFunctions/MF_Sheen.uexp" 538
"../../../Engine/Plugins/Interchange/Assets/Content/gltf/MaterialBodies/MF_Sheen_Body.uasset" 539
"../../../Engine/Plugins/Interchange/Assets/Content/gltf/MaterialBodies/MF_Sheen_Body.uexp" 540
"../../../Engine/Plugins/Interchange/Assets/Content/gltf/M_Sheen.uasset" 541
"../../../Engine/Plugins/Interchange/Assets/Content/gltf/M_Sheen.uexp" 542
"../../../Engine/Plugins/Interchange/Assets/Content/gltf/MaterialInstances/MI_Sheen_Blend.uasset" 543
"../../../Engine/Plugins/Interchange/Assets/Content/gltf/MaterialInstances/MI_Sheen_Blend.uexp" 544
"../../../Engine/Plugins/Interchange/Assets/Content/gltf/MaterialInstances/MI_Sheen_Blend_DS.uasset" 545
"../../../Engine/Plugins/Interchange/Assets/Content/gltf/MaterialInstances/MI_Sheen_Blend_DS.uexp" 546
"../../../Engine/Plugins/Interchange/Assets/Content/gltf/MaterialInstances/MI_Sheen_Mask.uasset" 547
"../../../Engine/Plugins/Interchange/Assets/Content/gltf/MaterialInstances/MI_Sheen_Mask.uexp" 548
"../../../Engine/Plugins/Interchange/Assets/Content/gltf/MaterialInstances/MI_Sheen_Mask_DS.uasset" 549
"../../../Engine/Plugins/Interchange/Assets/Content/gltf/MaterialInstances/MI_Sheen_Mask_DS.uexp" 550
"../../../Engine/Plugins/Interchange/Assets/Content/gltf/MaterialInstances/MI_Sheen_Opaque.uasset" 551
"../../../Engine/Plugins/Interchange/Assets/Content/gltf/MaterialInstances/MI_Sheen_Opaque.uexp" 552
"../../../Engine/Plugins/Interchange/Assets/Content/gltf/MaterialInstances/MI_Sheen_Opaque_DS.uasset" 553
"../../../Engine/Plugins/Interchange/Assets/Content/gltf/MaterialInstances/MI_Sheen_Opaque_DS.uexp" 554
"../../../Engine/Content/Functions/Engine_MaterialFunctions02/Math/AddComponents.uasset" 555
"../../../Engine/Content/Functions/Engine_MaterialFunctions02/Math/AddComponents.uexp" 556
"../../../Engine/Plugins/Interchange/Assets/Content/gltf/MaterialFunctions/MF_DiffuseSpecGloss.uasset" 557
"../../../Engine/Plugins/Interchange/Assets/Content/gltf/MaterialFunctions/MF_DiffuseSpecGloss.uexp" 558
"../../../Engine/Plugins/Interchange/Assets/Content/gltf/MaterialFunctions/MF_PerceivedBrightness.uasset" 559
"../../../Engine/Plugins/Interchange/Assets/Content/gltf/MaterialFunctions/MF_PerceivedBrightness.uexp" 560
"../../../Engine/Plugins/Interchange/Assets/Content/gltf/MaterialFunctions/MF_SpecGlossToMetalRoughness.uasset" 561
"../../../Engine/Plugins/Interchange/Assets/Content/gltf/MaterialFunctions/MF_SpecGlossToMetalRoughness.uexp" 562
"../../../Engine/Plugins/Interchange/Assets/Content/gltf/MaterialFunctions/MF_MaxComponentValue.uasset" 563
"../../../Engine/Plugins/Interchange/Assets/Content/gltf/MaterialFunctions/MF_MaxComponentValue.uexp" 564
"../../../Engine/Plugins/Interchange/Assets/Content/gltf/MaterialBodies/MF_SpecularGlossiness_Body.uasset" 565
"../../../Engine/Plugins/Interchange/Assets/Content/gltf/MaterialBodies/MF_SpecularGlossiness_Body.uexp" 566
"../../../Engine/Plugins/Interchange/Assets/Content/gltf/M_SpecularGlossiness.uasset" 567
"../../../Engine/Plugins/Interchange/Assets/Content/gltf/M_SpecularGlossiness.uexp" 568
"../../../Engine/Plugins/Interchange/Assets/Content/gltf/MaterialInstances/MI_SpecularGlossiness_Blend.uasset" 569
"../../../Engine/Plugins/Interchange/Assets/Content/gltf/MaterialInstances/MI_SpecularGlossiness_Blend.uexp" 570
"../../../Engine/Plugins/Interchange/Assets/Content/gltf/MaterialInstances/MI_SpecularGlossiness_Blend_DS.uasset" 571
"../../../Engine/Plugins/Interchange/Assets/Content/gltf/MaterialInstances/MI_SpecularGlossiness_Blend_DS.uexp" 572
"../../../Engine/Plugins/Interchange/Assets/Content/gltf/MaterialInstances/MI_SpecularGlossiness_Mask.uasset" 573
"../../../Engine/Plugins/Interchange/Assets/Content/gltf/MaterialInstances/MI_SpecularGlossiness_Mask.uexp" 574
"../../../Engine/Plugins/Interchange/Assets/Content/gltf/MaterialInstances/MI_SpecularGlossiness_Mask_DS.uasset" 575
"../../../Engine/Plugins/Interchange/Assets/Content/gltf/MaterialInstances/MI_SpecularGlossiness_Mask_DS.uexp" 576
"../../../Engine/Plugins/Interchange/Assets/Content/gltf/MaterialInstances/MI_SpecularGlossiness_Opaque.uasset" 577
"../../../Engine/Plugins/Interchange/Assets/Content/gltf/MaterialInstances/MI_SpecularGlossiness_Opaque.uexp" 578
"../../../Engine/Plugins/Interchange/Assets/Content/gltf/MaterialInstances/MI_SpecularGlossiness_Opaque_DS.uasset" 579
"../../../Engine/Plugins/Interchange/Assets/Content/gltf/MaterialInstances/MI_SpecularGlossiness_Opaque_DS.uexp" 580
"../../../Engine/Content/EngineMaterials/Good64x64TilingNoiseHighFreq.uasset" 581
"../../../Engine/Content/EngineMaterials/Good64x64TilingNoiseHighFreq.uexp" 582
"../../../Engine/Content/Functions/Engine_MaterialFunctions02/Texturing/ScreenAlignedPixelToPixelUVs.uasset" 583
"../../../Engine/Content/Functions/Engine_MaterialFunctions02/Texturing/ScreenAlignedPixelToPixelUVs.uexp" 584
"../../../Engine/Plugins/Interchange/Assets/Content/gltf/MaterialFunctions/MF_Temporal_Blur.uasset" 585
"../../../Engine/Plugins/Interchange/Assets/Content/gltf/MaterialFunctions/MF_Temporal_Blur.uexp" 586
"../../../Engine/Plugins/Interchange/Assets/Content/gltf/MaterialFunctions/MF_Fresnel_DS.uasset" 587
"../../../Engine/Plugins/Interchange/Assets/Content/gltf/MaterialFunctions/MF_Fresnel_DS.uexp" 588
"../../../Engine/Plugins/Interchange/Assets/Content/gltf/MaterialFunctions/MF_Transmission.uasset" 589
"../../../Engine/Plugins/Interchange/Assets/Content/gltf/MaterialFunctions/MF_Transmission.uexp" 590
"../../../Engine/Plugins/Interchange/Assets/Content/gltf/MaterialBodies/MF_Transmission_Body.uasset" 591
"../../../Engine/Plugins/Interchange/Assets/Content/gltf/MaterialBodies/MF_Transmission_Body.uexp" 592
"../../../Engine/Plugins/Interchange/Assets/Content/gltf/M_Transmission.uasset" 593
"../../../Engine/Plugins/Interchange/Assets/Content/gltf/M_Transmission.uexp" 594
"../../../Engine/Plugins/Interchange/Assets/Content/gltf/MaterialInstances/MI_Transmission.uasset" 595
"../../../Engine/Plugins/Interchange/Assets/Content/gltf/MaterialInstances/MI_Transmission.uexp" 596
"../../../Engine/Plugins/Interchange/Assets/Content/gltf/MaterialInstances/MI_Transmission_DS.uasset" 597
"../../../Engine/Plugins/Interchange/Assets/Content/gltf/MaterialInstances/MI_Transmission_DS.uexp" 598
"../../../Engine/Plugins/Interchange/Assets/Content/gltf/MaterialBodies/MF_Unlit_Body.uasset" 599
"../../../Engine/Plugins/Interchange/Assets/Content/gltf/MaterialBodies/MF_Unlit_Body.uexp" 600
"../../../Engine/Plugins/Interchange/Assets/Content/gltf/M_Unlit.uasset" 601
"../../../Engine/Plugins/Interchange/Assets/Content/gltf/M_Unlit.uexp" 602
"../../../Engine/Plugins/Interchange/Assets/Content/gltf/MaterialInstances/MI_Unlit_Blend.uasset" 603
"../../../Engine/Plugins/Interchange/Assets/Content/gltf/MaterialInstances/MI_Unlit_Blend.uexp" 604
"../../../Engine/Plugins/Interchange/Assets/Content/gltf/MaterialInstances/MI_Unlit_Blend_DS.uasset" 605
"../../../Engine/Plugins/Interchange/Assets/Content/gltf/MaterialInstances/MI_Unlit_Blend_DS.uexp" 606
"../../../Engine/Plugins/Interchange/Assets/Content/gltf/MaterialInstances/MI_Unlit_Mask.uasset" 607
"../../../Engine/Plugins/Interchange/Assets/Content/gltf/MaterialInstances/MI_Unlit_Mask.uexp" 608
"../../../Engine/Plugins/Interchange/Assets/Content/gltf/MaterialInstances/MI_Unlit_Mask_DS.uasset" 609
"../../../Engine/Plugins/Interchange/Assets/Content/gltf/MaterialInstances/MI_Unlit_Mask_DS.uexp" 610
"../../../Engine/Plugins/Interchange/Assets/Content/gltf/MaterialInstances/MI_Unlit_Opaque.uasset" 611
"../../../Engine/Plugins/Interchange/Assets/Content/gltf/MaterialInstances/MI_Unlit_Opaque.uexp" 612
"../../../Engine/Plugins/Interchange/Assets/Content/gltf/MaterialInstances/MI_Unlit_Opaque_DS.uasset" 613
"../../../Engine/Plugins/Interchange/Assets/Content/gltf/MaterialInstances/MI_Unlit_Opaque_DS.uexp" 614
"../../../Engine/Content/Functions/Engine_MaterialFunctions02/Texturing/CustomRotator.uasset" 615
"../../../Engine/Content/Functions/Engine_MaterialFunctions02/Texturing/CustomRotator.uexp" 616
"../../../Engine/Content/Functions/Engine_MaterialFunctions01/Texturing/ScaleUVsByCenter.uasset" 617
"../../../Engine/Content/Functions/Engine_MaterialFunctions01/Texturing/ScaleUVsByCenter.uexp" 618
"../../../Engine/Content/Functions/Engine_MaterialFunctions01/Gradient/GeneratedRoundRect.uasset" 619
"../../../Engine/Content/Functions/Engine_MaterialFunctions01/Gradient/GeneratedRoundRect.uexp" 620
"../../../Engine/Content/Functions/Engine_MaterialFunctions01/Gradient/SphereGradient-2D.uasset" 621
"../../../Engine/Content/Functions/Engine_MaterialFunctions01/Gradient/SphereGradient-2D.uexp" 622
"../../../Engine/Plugins/Runtime/AudioWidgets/Content/AudioMaterialSlate/Functions/MF_DotOutlined.uasset" 623
"../../../Engine/Plugins/Runtime/AudioWidgets/Content/AudioMaterialSlate/Functions/MF_DotOutlined.uexp" 624
"../../../Engine/Plugins/Runtime/AudioWidgets/Content/AudioMaterialSlate/M_AudioMaterialEnvelope_ADSR.uasset" 625
"../../../Engine/Plugins/Runtime/AudioWidgets/Content/AudioMaterialSlate/M_AudioMaterialEnvelope_ADSR.uexp" 626
"../../../Engine/Plugins/Runtime/AudioWidgets/Content/AudioMaterialSlate/MI_AudioMaterialEnvelope_ADSR.uasset" 627
"../../../Engine/Plugins/Runtime/AudioWidgets/Content/AudioMaterialSlate/MI_AudioMaterialEnvelope_ADSR.uexp" 628
"../../../Engine/Plugins/Runtime/AudioWidgets/Content/AudioMaterialSlate/Functions/MF_SingleLine_Smooth.uasset" 629
"../../../Engine/Plugins/Runtime/AudioWidgets/Content/AudioMaterialSlate/Functions/MF_SingleLine_Smooth.uexp" 630
"../../../Engine/Plugins/Runtime/AudioWidgets/Content/AudioMaterialSlate/Functions/MF_AngleGradient.uasset" 631
"../../../Engine/Plugins/Runtime/AudioWidgets/Content/AudioMaterialSlate/Functions/MF_AngleGradient.uexp" 632
"../../../Engine/Content/Functions/Engine_MaterialFunctions02/Lerp_3Color.uasset" 633
"../../../Engine/Content/Functions/Engine_MaterialFunctions02/Lerp_3Color.uexp" 634
"../../../Engine/Plugins/Runtime/AudioWidgets/Content/AudioMaterialSlate/M_AudioMaterialKnob.uasset" 635
"../../../Engine/Plugins/Runtime/AudioWidgets/Content/AudioMaterialSlate/M_AudioMaterialKnob.uexp" 636
"../../../Engine/Plugins/Runtime/AudioWidgets/Content/AudioMaterialSlate/MI_AudioMaterialKnob.uasset" 637
"../../../Engine/Plugins/Runtime/AudioWidgets/Content/AudioMaterialSlate/MI_AudioMaterialKnob.uexp" 638
"../../../Engine/Plugins/Runtime/AudioWidgets/Content/AudioMaterialSlate/Functions/MF_Lines.uasset" 639
"../../../Engine/Plugins/Runtime/AudioWidgets/Content/AudioMaterialSlate/Functions/MF_Lines.uexp" 640
"../../../Engine/Plugins/Runtime/AudioWidgets/Content/AudioMaterialSlate/M_AudioMaterialMeter.uasset" 641
"../../../Engine/Plugins/Runtime/AudioWidgets/Content/AudioMaterialSlate/M_AudioMaterialMeter.uexp" 642
"../../../Engine/Plugins/Runtime/AudioWidgets/Content/AudioMaterialSlate/MI_AudioMaterialMeter.uasset" 643
"../../../Engine/Plugins/Runtime/AudioWidgets/Content/AudioMaterialSlate/MI_AudioMaterialMeter.uexp" 644
"../../../Engine/Plugins/Runtime/AudioWidgets/Content/AudioMaterialSlate/M_AudioMaterialRoundedSlider.uasset" 645
"../../../Engine/Plugins/Runtime/AudioWidgets/Content/AudioMaterialSlate/M_AudioMaterialRoundedSlider.uexp" 646
"../../../Engine/Plugins/Runtime/AudioWidgets/Content/AudioMaterialSlate/MI_AudioMaterialRoundedSlider.uasset" 647
"../../../Engine/Plugins/Runtime/AudioWidgets/Content/AudioMaterialSlate/MI_AudioMaterialRoundedSlider.uexp" 648
"../../../Engine/Plugins/Runtime/AudioWidgets/Content/AudioMaterialSlate/Functions/MF_SingleLine.uasset" 649
"../../../Engine/Plugins/Runtime/AudioWidgets/Content/AudioMaterialSlate/Functions/MF_SingleLine.uexp" 650
"../../../Engine/Plugins/Runtime/AudioWidgets/Content/AudioMaterialSlate/M_AudioMaterialToggleButton.uasset" 651
"../../../Engine/Plugins/Runtime/AudioWidgets/Content/AudioMaterialSlate/M_AudioMaterialToggleButton.uexp" 652
"../../../Engine/Plugins/Runtime/AudioWidgets/Content/AudioMaterialSlate/MI_AudioMaterialToggleButton.uasset" 653
"../../../Engine/Plugins/Runtime/AudioWidgets/Content/AudioMaterialSlate/MI_AudioMaterialToggleButton.uexp" 654
"../../../Engine/Content/EngineResources/WhiteSquareTexture.uasset" 655
"../../../Engine/Content/EngineResources/WhiteSquareTexture.uexp" 656
"../../../Engine/Content/EngineMaterials/Widget3DPassThrough.uasset" 657
"../../../Engine/Content/EngineMaterials/Widget3DPassThrough.uexp" 658
"../../../Engine/Content/EngineMaterials/Widget3DPassThrough_Masked.uasset" 659
"../../../Engine/Content/EngineMaterials/Widget3DPassThrough_Masked.uexp" 660
"../../../Engine/Content/EngineMaterials/Widget3DPassThrough_Opaque.uasset" 661
"../../../Engine/Content/EngineMaterials/Widget3DPassThrough_Opaque.uexp" 662
"../../../Engine/Content/EngineMaterials/Widget3DPassThrough_Masked_OneSided.uasset" 663
"../../../Engine/Content/EngineMaterials/Widget3DPassThrough_Masked_OneSided.uexp" 664
"../../../Engine/Content/EngineMaterials/Widget3DPassThrough_Opaque_OneSided.uasset" 665
"../../../Engine/Content/EngineMaterials/Widget3DPassThrough_Opaque_OneSided.uexp" 666
"../../../Engine/Content/EngineMaterials/Widget3DPassThrough_Translucent.uasset" 667
"../../../Engine/Content/EngineMaterials/Widget3DPassThrough_Translucent.uexp" 668
"../../../Engine/Content/EngineMaterials/Widget3DPassThrough_Translucent_OneSided.uasset" 669
"../../../Engine/Content/EngineMaterials/Widget3DPassThrough_Translucent_OneSided.uexp" 670
"../../../Engine/Plugins/Animation/ControlRig/Content/Controls/ControlRig_Arrow2_1mm.uasset" 671
"../../../Engine/Plugins/Animation/ControlRig/Content/Controls/ControlRig_Arrow2_1mm.uexp" 672
"../../../Engine/Plugins/Animation/ControlRig/Content/Controls/ControlRig_Arrow2_3mm.uasset" 673
"../../../Engine/Plugins/Animation/ControlRig/Content/Controls/ControlRig_Arrow2_3mm.uexp" 674
"../../../Engine/Plugins/Animation/ControlRig/Content/Controls/ControlRig_Arrow2_solid.uasset" 675
"../../../Engine/Plugins/Animation/ControlRig/Content/Controls/ControlRig_Arrow2_solid.uexp" 676
"../../../Engine/Plugins/Animation/ControlRig/Content/Controls/ControlRig_Arrow4_1mm.uasset" 677
"../../../Engine/Plugins/Animation/ControlRig/Content/Controls/ControlRig_Arrow4_1mm.uexp" 678
"../../../Engine/Plugins/Animation/ControlRig/Content/Controls/ControlRig_Arrow4_3mm.uasset" 679
"../../../Engine/Plugins/Animation/ControlRig/Content/Controls/ControlRig_Arrow4_3mm.uexp" 680
"../../../Engine/Plugins/Animation/ControlRig/Content/Controls/ControlRig_Arrow4_solid.uasset" 681
"../../../Engine/Plugins/Animation/ControlRig/Content/Controls/ControlRig_Arrow4_solid.uexp" 682
"../../../Engine/Plugins/Animation/ControlRig/Content/Controls/ControlRig_Arrow_1mm.uasset" 683
"../../../Engine/Plugins/Animation/ControlRig/Content/Controls/ControlRig_Arrow_1mm.uexp" 684
"../../../Engine/Plugins/Animation/ControlRig/Content/Controls/ControlRig_Arrow_3mm.uasset" 685
"../../../Engine/Plugins/Animation/ControlRig/Content/Controls/ControlRig_Arrow_3mm.uexp" 686
"../../../Engine/Plugins/Animation/ControlRig/Content/Controls/ControlRig_Arrow_solid.uasset" 687
"../../../Engine/Plugins/Animation/ControlRig/Content/Controls/ControlRig_Arrow_solid.uexp" 688
"../../../Engine/Plugins/Animation/ControlRig/Content/Controls/ControlRig_Box_1mm.uasset" 689
"../../../Engine/Plugins/Animation/ControlRig/Content/Controls/ControlRig_Box_1mm.uexp" 690
"../../../Engine/Plugins/Animation/ControlRig/Content/Controls/ControlRig_Box_3mm.uasset" 691
"../../../Engine/Plugins/Animation/ControlRig/Content/Controls/ControlRig_Box_3mm.uexp" 692
"../../../Engine/Plugins/Animation/ControlRig/Content/Controls/ControlRig_Box_solid.uasset" 693
"../../../Engine/Plugins/Animation/ControlRig/Content/Controls/ControlRig_Box_solid.uexp" 694
"../../../Engine/Plugins/Animation/ControlRig/Content/Controls/ControlRig_Circle_1mm.uasset" 695
"../../../Engine/Plugins/Animation/ControlRig/Content/Controls/ControlRig_Circle_1mm.uexp" 696
"../../../Engine/Plugins/Animation/ControlRig/Content/Controls/ControlRig_Circle_3mm.uasset" 697
"../../../Engine/Plugins/Animation/ControlRig/Content/Controls/ControlRig_Circle_3mm.uexp" 698
"../../../Engine/Plugins/Animation/ControlRig/Content/Controls/ControlRig_Circle_solid.uasset" 699
"../../../Engine/Plugins/Animation/ControlRig/Content/Controls/ControlRig_Circle_solid.uexp" 700
"../../../Engine/Plugins/Animation/ControlRig/Content/Controls/ControlRig_Diamond_1mm.uasset" 701
"../../../Engine/Plugins/Animation/ControlRig/Content/Controls/ControlRig_Diamond_1mm.uexp" 702
"../../../Engine/Plugins/Animation/ControlRig/Content/Controls/ControlRig_Diamond_3mm.uasset" 703
"../../../Engine/Plugins/Animation/ControlRig/Content/Controls/ControlRig_Diamond_3mm.uexp" 704
"../../../Engine/Plugins/Animation/ControlRig/Content/Controls/ControlRig_Diamond_solid.uasset" 705
"../../../Engine/Plugins/Animation/ControlRig/Content/Controls/ControlRig_Diamond_solid.uexp" 706
"../../../Engine/Plugins/Animation/ControlRig/Content/Controls/ControlRig_HalfCircle_1mm.uasset" 707
"../../../Engine/Plugins/Animation/ControlRig/Content/Controls/ControlRig_HalfCircle_1mm.uexp" 708
"../../../Engine/Plugins/Animation/ControlRig/Content/Controls/ControlRig_HalfCircle_3mm.uasset" 709
"../../../Engine/Plugins/Animation/ControlRig/Content/Controls/ControlRig_HalfCircle_3mm.uexp" 710
"../../../Engine/Plugins/Animation/ControlRig/Content/Controls/ControlRig_HalfCircle_solid.uasset" 711
"../../../Engine/Plugins/Animation/ControlRig/Content/Controls/ControlRig_HalfCircle_solid.uexp" 712
"../../../Engine/Plugins/Animation/ControlRig/Content/Controls/ControlRig_Hexagon_1mm.uasset" 713
"../../../Engine/Plugins/Animation/ControlRig/Content/Controls/ControlRig_Hexagon_1mm.uexp" 714
"../../../Engine/Plugins/Animation/ControlRig/Content/Controls/ControlRig_Hexagon_3mm.uasset" 715
"../../../Engine/Plugins/Animation/ControlRig/Content/Controls/ControlRig_Hexagon_3mm.uexp" 716
"../../../Engine/Plugins/Animation/ControlRig/Content/Controls/ControlRig_Hexagon_solid.uasset" 717
"../../../Engine/Plugins/Animation/ControlRig/Content/Controls/ControlRig_Hexagon_solid.uexp" 718
"../../../Engine/Plugins/Animation/ControlRig/Content/Controls/ControlRig_Octagon_1mm.uasset" 719
"../../../Engine/Plugins/Animation/ControlRig/Content/Controls/ControlRig_Octagon_1mm.uexp" 720
"../../../Engine/Plugins/Animation/ControlRig/Content/Controls/ControlRig_Octagon_3mm.uasset" 721
"../../../Engine/Plugins/Animation/ControlRig/Content/Controls/ControlRig_Octagon_3mm.uexp" 722
"../../../Engine/Plugins/Animation/ControlRig/Content/Controls/ControlRig_Octagon_solid.uasset" 723
"../../../Engine/Plugins/Animation/ControlRig/Content/Controls/ControlRig_Octagon_solid.uexp" 724
"../../../Engine/Plugins/Animation/ControlRig/Content/Controls/ControlRig_Pyramid_1mm.uasset" 725
"../../../Engine/Plugins/Animation/ControlRig/Content/Controls/ControlRig_Pyramid_1mm.uexp" 726
"../../../Engine/Plugins/Animation/ControlRig/Content/Controls/ControlRig_Pyramid_3mm.uasset" 727
"../../../Engine/Plugins/Animation/ControlRig/Content/Controls/ControlRig_Pyramid_3mm.uexp" 728
"../../../Engine/Plugins/Animation/ControlRig/Content/Controls/ControlRig_Pyramid_solid.uasset" 729
"../../../Engine/Plugins/Animation/ControlRig/Content/Controls/ControlRig_Pyramid_solid.uexp" 730
"../../../Engine/Plugins/Animation/ControlRig/Content/Controls/ControlRig_QuarterCircle_1mm.uasset" 731
"../../../Engine/Plugins/Animation/ControlRig/Content/Controls/ControlRig_QuarterCircle_1mm.uexp" 732
"../../../Engine/Plugins/Animation/ControlRig/Content/Controls/ControlRig_QuarterCircle_3mm.uasset" 733
"../../../Engine/Plugins/Animation/ControlRig/Content/Controls/ControlRig_QuarterCircle_3mm.uexp" 734
"../../../Engine/Plugins/Animation/ControlRig/Content/Controls/ControlRig_QuarterCircle_solid.uasset" 735
"../../../Engine/Plugins/Animation/ControlRig/Content/Controls/ControlRig_QuarterCircle_solid.uexp" 736
"../../../Engine/Plugins/Animation/ControlRig/Content/Controls/ControlRig_RoundedSquare_1mm.uasset" 737
"../../../Engine/Plugins/Animation/ControlRig/Content/Controls/ControlRig_RoundedSquare_1mm.uexp" 738
"../../../Engine/Plugins/Animation/ControlRig/Content/Controls/ControlRig_RoundedSquare_3mm.uasset" 739
"../../../Engine/Plugins/Animation/ControlRig/Content/Controls/ControlRig_RoundedSquare_3mm.uexp" 740
"../../../Engine/Plugins/Animation/ControlRig/Content/Controls/ControlRig_RoundedSquare_solid.uasset" 741
"../../../Engine/Plugins/Animation/ControlRig/Content/Controls/ControlRig_RoundedSquare_solid.uexp" 742
"../../../Engine/Plugins/Animation/ControlRig/Content/Controls/ControlRig_RoundedTriangle_1mm.uasset" 743
"../../../Engine/Plugins/Animation/ControlRig/Content/Controls/ControlRig_RoundedTriangle_1mm.uexp" 744
"../../../Engine/Plugins/Animation/ControlRig/Content/Controls/ControlRig_RoundedTriangle_3mm.uasset" 745
"../../../Engine/Plugins/Animation/ControlRig/Content/Controls/ControlRig_RoundedTriangle_3mm.uexp" 746
"../../../Engine/Plugins/Animation/ControlRig/Content/Controls/ControlRig_RoundedTriangle_solid.uasset" 747
"../../../Engine/Plugins/Animation/ControlRig/Content/Controls/ControlRig_RoundedTriangle_solid.uexp" 748
"../../../Engine/Plugins/Animation/ControlRig/Content/Controls/ControlRig_Sphere_1mm.uasset" 749
"../../../Engine/Plugins/Animation/ControlRig/Content/Controls/ControlRig_Sphere_1mm.uexp" 750
"../../../Engine/Plugins/Animation/ControlRig/Content/Controls/ControlRig_Sphere_3mm.uasset" 751
"../../../Engine/Plugins/Animation/ControlRig/Content/Controls/ControlRig_Sphere_3mm.uexp" 752
"../../../Engine/Plugins/Animation/ControlRig/Content/Controls/ControlRig_Sphere_solid.uasset" 753
"../../../Engine/Plugins/Animation/ControlRig/Content/Controls/ControlRig_Sphere_solid.uexp" 754
"../../../Engine/Plugins/Animation/ControlRig/Content/Controls/ControlRig_Square_1mm.uasset" 755
"../../../Engine/Plugins/Animation/ControlRig/Content/Controls/ControlRig_Square_1mm.uexp" 756
"../../../Engine/Plugins/Animation/ControlRig/Content/Controls/ControlRig_Square_3mm.uasset" 757
"../../../Engine/Plugins/Animation/ControlRig/Content/Controls/ControlRig_Square_3mm.uexp" 758
"../../../Engine/Plugins/Animation/ControlRig/Content/Controls/ControlRig_Square_solid.uasset" 759
"../../../Engine/Plugins/Animation/ControlRig/Content/Controls/ControlRig_Square_solid.uexp" 760
"../../../Engine/Plugins/Animation/ControlRig/Content/Controls/ControlRig_Star4_1mm.uasset" 761
"../../../Engine/Plugins/Animation/ControlRig/Content/Controls/ControlRig_Star4_1mm.uexp" 762
"../../../Engine/Plugins/Animation/ControlRig/Content/Controls/ControlRig_Star4_3mm.uasset" 763
"../../../Engine/Plugins/Animation/ControlRig/Content/Controls/ControlRig_Star4_3mm.uexp" 764
"../../../Engine/Plugins/Animation/ControlRig/Content/Controls/ControlRig_Star4_solid.uasset" 765
"../../../Engine/Plugins/Animation/ControlRig/Content/Controls/ControlRig_Star4_solid.uexp" 766
"../../../Engine/Plugins/Animation/ControlRig/Content/Controls/ControlRig_Triangle_1mm.uasset" 767
"../../../Engine/Plugins/Animation/ControlRig/Content/Controls/ControlRig_Triangle_1mm.uexp" 768
"../../../Engine/Plugins/Animation/ControlRig/Content/Controls/ControlRig_Triangle_3mm.uasset" 769
"../../../Engine/Plugins/Animation/ControlRig/Content/Controls/ControlRig_Triangle_3mm.uexp" 770
"../../../Engine/Plugins/Animation/ControlRig/Content/Controls/ControlRig_Triangle_solid.uasset" 771
"../../../Engine/Plugins/Animation/ControlRig/Content/Controls/ControlRig_Triangle_solid.uexp" 772
"../../../Engine/Plugins/Animation/ControlRig/Content/Controls/ControlRig_Wedge_1mm.uasset" 773
"../../../Engine/Plugins/Animation/ControlRig/Content/Controls/ControlRig_Wedge_1mm.uexp" 774
"../../../Engine/Plugins/Animation/ControlRig/Content/Controls/ControlRig_Wedge_3mm.uasset" 775
"../../../Engine/Plugins/Animation/ControlRig/Content/Controls/ControlRig_Wedge_3mm.uexp" 776
"../../../Engine/Plugins/Animation/ControlRig/Content/Controls/ControlRig_Wedge_solid.uasset" 777
"../../../Engine/Plugins/Animation/ControlRig/Content/Controls/ControlRig_Wedge_solid.uexp" 778
"../../../Engine/Content/EngineMaterials/DefaultMaterial.uasset" 779
"../../../Engine/Content/EngineMaterials/DefaultMaterial.uexp" 780
"../../../Engine/Content/BasicShapes/Cone.uasset" 781
"../../../Engine/Content/BasicShapes/Cone.uexp" 782
"../../../Engine/Content/BasicShapes/Cube.uasset" 783
"../../../Engine/Content/BasicShapes/Cube.uexp" 784
"../../../Engine/Content/BasicShapes/Cylinder.uasset" 785
"../../../Engine/Content/BasicShapes/Cylinder.uexp" 786
"../../../Engine/Content/BasicShapes/Plane.uasset" 787
"../../../Engine/Content/BasicShapes/Plane.uexp" 788
"../../../Engine/Content/BasicShapes/Sphere.uasset" 789
"../../../Engine/Content/BasicShapes/Sphere.uexp" 790
"../../../Engine/Content/EditorLandscapeResources/SplineEditorMeshMat.uasset" 791
"../../../Engine/Content/EditorLandscapeResources/SplineEditorMeshMat.uexp" 792
"../../../Engine/Content/EditorLandscapeResources/SplineEditorMesh.uasset" 793
"../../../Engine/Content/EditorLandscapeResources/SplineEditorMesh.uexp" 794
"../../../Engine/Plugins/2D/Paper2D/Content/DefaultSpriteMaterial.uasset" 795
"../../../Engine/Plugins/2D/Paper2D/Content/DefaultSpriteMaterial.uexp" 796
"../../../Engine/Plugins/2D/Paper2D/Content/MaskedUnlitSpriteMaterial.uasset" 797
"../../../Engine/Plugins/2D/Paper2D/Content/MaskedUnlitSpriteMaterial.uexp" 798
"../../../Engine/Plugins/2D/Paper2D/Content/OpaqueUnlitSpriteMaterial.uasset" 799
"../../../Engine/Plugins/2D/Paper2D/Content/OpaqueUnlitSpriteMaterial.uexp" 800
"../../../Engine/Plugins/Media/MediaPlate/Content/SM_MediaPlateScreen.uasset" 801
"../../../Engine/Plugins/Media/MediaPlate/Content/SM_MediaPlateScreen.uexp" 802
"D:/Dev/Vibe/VC/Steam/Content/LevelPrototyping/Textures/T_GridChecker_A.ubulk" 803
"D:/Dev/Vibe/VC/Steam/Content/LevelPrototyping/Textures/T_GridChecker_A.uasset" 804
"D:/Dev/Vibe/VC/Steam/Content/LevelPrototyping/Textures/T_GridChecker_A.uexp" 805
"../../../Engine/Content/Functions/Engine_MaterialFunctions01/Gradient/LinearGradient.uasset" 806
"../../../Engine/Content/Functions/Engine_MaterialFunctions01/Gradient/LinearGradient.uexp" 807
"../../../Engine/Content/Functions/Engine_MaterialFunctions01/ImageAdjustment/CheapContrast.uasset" 808
"../../../Engine/Content/Functions/Engine_MaterialFunctions01/ImageAdjustment/CheapContrast.uexp" 809
"D:/Dev/Vibe/VC/Steam/Content/LevelPrototyping/Materials/MF_ProcGrid.uasset" 810
"D:/Dev/Vibe/VC/Steam/Content/LevelPrototyping/Materials/MF_ProcGrid.uexp" 811
"D:/Dev/Vibe/VC/Steam/Content/LevelPrototyping/Materials/M_PrototypeGrid.uasset" 812
"D:/Dev/Vibe/VC/Steam/Content/LevelPrototyping/Materials/M_PrototypeGrid.uexp" 813
"D:/Dev/Vibe/VC/Steam/Content/LevelPrototyping/Materials/MI_PrototypeGrid_Gray.uasset" 814
"D:/Dev/Vibe/VC/Steam/Content/LevelPrototyping/Materials/MI_PrototypeGrid_Gray.uexp" 815
"D:/Dev/Vibe/VC/Steam/Content/LevelPrototyping/Meshes/SM_Cube.uasset" 816
"D:/Dev/Vibe/VC/Steam/Content/LevelPrototyping/Meshes/SM_Cube.uexp" 817
"D:/Dev/Vibe/VC/Steam/Content/LevelPrototyping/Materials/MI_PrototypeGrid_TopDark.uasset" 818
"D:/Dev/Vibe/VC/Steam/Content/LevelPrototyping/Materials/MI_PrototypeGrid_TopDark.uexp" 819
"D:/Dev/Vibe/VC/Steam/Content/LevelPrototyping/Meshes/SM_Ramp.uasset" 820
"D:/Dev/Vibe/VC/Steam/Content/LevelPrototyping/Meshes/SM_Ramp.uexp" 821
"D:/Dev/Vibe/VC/Steam/Content/LevelPrototyping/Materials/M_Solid.uasset" 822
"D:/Dev/Vibe/VC/Steam/Content/LevelPrototyping/Materials/M_Solid.uexp" 823
"D:/Dev/Vibe/VC/Steam/Content/LevelPrototyping/Materials/MI_Solid_Blue.uasset" 824
"D:/Dev/Vibe/VC/Steam/Content/LevelPrototyping/Materials/MI_Solid_Blue.uexp" 825
"D:/Dev/Vibe/VC/Steam/Content/LevelPrototyping/Meshes/SM_ChamferCube.uasset" 826
"D:/Dev/Vibe/VC/Steam/Content/LevelPrototyping/Meshes/SM_ChamferCube.uexp" 827
"D:/Dev/Vibe/VC/Steam/Content/LevelPrototyping/Meshes/SM_QuarterCylinder.uasset" 828
"D:/Dev/Vibe/VC/Steam/Content/LevelPrototyping/Meshes/SM_QuarterCylinder.uexp" 829
"../../../Engine/Content/EngineSky/T_Sky_Stars.ubulk" 830
"../../../Engine/Content/EngineSky/T_Sky_Stars.uasset" 831
"../../../Engine/Content/EngineSky/T_Sky_Stars.uexp" 832
"../../../Engine/Content/EngineSky/T_Sky_Clouds_M.ubulk" 833
"../../../Engine/Content/EngineSky/T_Sky_Clouds_M.uasset" 834
"../../../Engine/Content/EngineSky/T_Sky_Clouds_M.uexp" 835
"../../../Engine/Content/EngineSky/T_Sky_Blue.ubulk" 836
"../../../Engine/Content/EngineSky/T_Sky_Blue.uasset" 837
"../../../Engine/Content/EngineSky/T_Sky_Blue.uexp" 838
"../../../Engine/Content/EngineSky/M_Sky_Panning_Clouds2.uasset" 839
"../../../Engine/Content/EngineSky/M_Sky_Panning_Clouds2.uexp" 840
"../../../Engine/Content/EngineSky/SM_SkySphere.uasset" 841
"../../../Engine/Content/EngineSky/SM_SkySphere.uexp" 842
"../../../Engine/Content/EngineSky/M_SimpleSkyDome.uasset" 843
"../../../Engine/Content/EngineSky/M_SimpleSkyDome.uexp" 844
"../../../Engine/Content/EngineResources/LandscapeVisibilityLayerInfo.uasset" 845
"../../../Engine/Content/EngineResources/LandscapeVisibilityLayerInfo.uexp" 846
"../../../Engine/Content/VREditor/TransformGizmo/StartRotationHandleIndicator.uasset" 847
"../../../Engine/Content/VREditor/TransformGizmo/StartRotationHandleIndicator.uexp" 848
"../../../Engine/Content/VREditor/Sounds/UI/Drop_Item_From_ContentBrowser.ubulk" 849
"../../../Engine/Content/VREditor/Sounds/UI/Drop_Item_From_ContentBrowser.uasset" 850
"../../../Engine/Content/VREditor/Sounds/UI/Drop_Item_From_ContentBrowser.uexp" 851
"../../../Engine/Content/VREditor/TransformGizmo/PlaneTranslationHandle.uasset" 852
"../../../Engine/Content/VREditor/TransformGizmo/PlaneTranslationHandle.uexp" 853
"../../../Engine/Content/VREditor/Sounds/UI/Object_Snaps_To_Grid.ubulk" 854
"../../../Engine/Content/VREditor/Sounds/UI/Object_Snaps_To_Grid.uasset" 855
"../../../Engine/Content/VREditor/Sounds/UI/Object_Snaps_To_Grid.uexp" 856
"../../../Engine/Content/VREditor/Sounds/UI/Selection_Changes.ubulk" 857
"../../../Engine/Content/VREditor/Sounds/UI/Selection_Changes.uasset" 858
"../../../Engine/Content/VREditor/Sounds/UI/Selection_Changes.uexp" 859
"../../../Engine/Content/VREditor/Sounds/UI/Object_Snaps_To_Another_Actor.ubulk" 860
"../../../Engine/Content/VREditor/Sounds/UI/Object_Snaps_To_Another_Actor.uasset" 861
"../../../Engine/Content/VREditor/Sounds/UI/Object_Snaps_To_Another_Actor.uexp" 862
"../../../Engine/Content/VREditor/TransformGizmo/TranslucentTransformGizmoMaterial_Inst.uasset" 863
"../../../Engine/Content/VREditor/TransformGizmo/TranslucentTransformGizmoMaterial_Inst.uexp" 864
"../../../Engine/Content/VREditor/TransformGizmo/TransformGizmoFreeRotation.uasset" 865
"../../../Engine/Content/VREditor/TransformGizmo/TransformGizmoFreeRotation.uexp" 866
"../../../Engine/Content/VREditor/Sounds/UI/Scaling_Down.ubulk" 867
"../../../Engine/Content/VREditor/Sounds/UI/Scaling_Down.uasset" 868
"../../../Engine/Content/VREditor/Sounds/UI/Scaling_Down.uexp" 869
"../../../Engine/Content/Functions/Engine_MaterialFunctions02/SplitComponents.uasset" 870
"../../../Engine/Content/Functions/Engine_MaterialFunctions02/SplitComponents.uexp" 871
"../../../Engine/Content/VREditor/SnapGrid/SnapGridMaterial.uasset" 872
"../../../Engine/Content/VREditor/SnapGrid/SnapGridMaterial.uexp" 873
"../../../Engine/Content/VREditor/SnapGrid/SnapGridPlaneMesh.uasset" 874
"../../../Engine/Content/VREditor/SnapGrid/SnapGridPlaneMesh.uexp" 875
"../../../Engine/Content/VREditor/Sounds/UI/Scaling_Up.ubulk" 876
"../../../Engine/Content/VREditor/Sounds/UI/Scaling_Up.uasset" 877
"../../../Engine/Content/VREditor/Sounds/UI/Scaling_Up.uexp" 878
"../../../Engine/Content/VREditor/TransformGizmo/TransformGizmoMaterial_Inst.uasset" 879
"../../../Engine/Content/VREditor/TransformGizmo/TransformGizmoMaterial_Inst.uexp" 880
"../../../Engine/Content/VREditor/Sounds/UI/Gizmo_Handle_Clicked.ubulk" 881
"../../../Engine/Content/VREditor/Sounds/UI/Gizmo_Handle_Clicked.uasset" 882
"../../../Engine/Content/VREditor/Sounds/UI/Gizmo_Handle_Clicked.uexp" 883
"../../../Engine/Content/VREditor/TransformGizmo/RotationHandleQuarter.uasset" 884
"../../../Engine/Content/VREditor/TransformGizmo/RotationHandleQuarter.uexp" 885
"../../../Engine/Content/VREditor/TransformGizmo/TranslateArrowHandle.uasset" 886
"../../../Engine/Content/VREditor/TransformGizmo/TranslateArrowHandle.uexp" 887
"../../../Engine/Content/VREditor/TransformGizmo/RotationHandleIndicator.uasset" 888
"../../../Engine/Content/VREditor/TransformGizmo/RotationHandleIndicator.uexp" 889
"../../../Engine/Content/VREditor/TransformGizmo/UniformScaleHandle.uasset" 890
"../../../Engine/Content/VREditor/TransformGizmo/UniformScaleHandle.uexp" 891
"../../../Engine/Content/VREditor/TransformGizmo/RotationHandleFull.uasset" 892
"../../../Engine/Content/VREditor/TransformGizmo/RotationHandleFull.uexp" 893
"../../../Engine/Content/VREditor/Sounds/UI/Object_PickUp.ubulk" 894
"../../../Engine/Content/VREditor/Sounds/UI/Object_PickUp.uasset" 895
"../../../Engine/Content/VREditor/Sounds/UI/Object_PickUp.uexp" 896
"../../../Engine/Plugins/Animation/DeformerGraph/Content/DeformerFunctions/DG_Function_ComputeNormalsTangents.uasset" 897
"../../../Engine/Plugins/Animation/DeformerGraph/Content/DeformerFunctions/DG_Function_ComputeNormalsTangents.uexp" 898
"../../../Engine/Plugins/Animation/DeformerGraph/Content/DeformerFunctions/DG_Function_LinearBlendSkin_Morph_Cloth.uasset" 899
"../../../Engine/Plugins/Animation/DeformerGraph/Content/DeformerFunctions/DG_Function_LinearBlendSkin_Morph_Cloth.uexp" 900
"../../../Engine/Plugins/Animation/DeformerGraph/Content/DeformerFunctions/DG_Function_LinearBlendSkin_Morph_Cloth_PositionOnly.uasset" 901
"../../../Engine/Plugins/Animation/DeformerGraph/Content/DeformerFunctions/DG_Function_LinearBlendSkin_Morph_Cloth_PositionOnly.uexp" 902
"../../../Engine/Plugins/Animation/DeformerGraph/Content/Deformers/DG_LinearBlendSkin_Morph_Cloth.uasset" 903
"../../../Engine/Plugins/Animation/DeformerGraph/Content/Deformers/DG_LinearBlendSkin_Morph_Cloth.uexp" 904
"../../../Engine/Plugins/Animation/DeformerGraph/Content/Deformers/DG_LinearBlendSkin_Morph_Cloth_RecomputeNormals.uasset" 905
"../../../Engine/Plugins/Animation/DeformerGraph/Content/Deformers/DG_LinearBlendSkin_Morph_Cloth_RecomputeNormals.uexp" 906
"../../../Engine/Plugins/NNE/NNEDenoiser/Content/NNEDT_Oidn2-3_Balanced.uasset" 907
"../../../Engine/Plugins/NNE/NNEDenoiser/Content/NNEDT_Oidn2-3_Balanced.uexp" 908
"../../../Engine/Plugins/NNE/NNEDenoiser/Content/NNEDT_Oidn2-3_Balanced_Alpha.uasset" 909
"../../../Engine/Plugins/NNE/NNEDenoiser/Content/NNEDT_Oidn2-3_Balanced_Alpha.uexp" 910
"../../../Engine/Plugins/NNE/NNEDenoiser/Content/NNED_Oidn2-3_Balanced.uasset" 911
"../../../Engine/Plugins/NNE/NNEDenoiser/Content/NNED_Oidn2-3_Balanced.uexp" 912
"../../../Engine/Plugins/NNE/NNEDenoiser/Content/NNED_Oidn2-3_Balanced_Alpha.uasset" 913
"../../../Engine/Plugins/NNE/NNEDenoiser/Content/NNED_Oidn2-3_Balanced_Alpha.uexp" 914
"../../../Engine/Plugins/NNE/NNEDenoiser/Content/NNED_Oidn2-3_Fast.uasset" 915
"../../../Engine/Plugins/NNE/NNEDenoiser/Content/NNED_Oidn2-3_Fast.uexp" 916
"../../../Engine/Plugins/NNE/NNEDenoiser/Content/NNED_Oidn2-3_Fast_Alpha.uasset" 917
"../../../Engine/Plugins/NNE/NNEDenoiser/Content/NNED_Oidn2-3_Fast_Alpha.uexp" 918
"../../../Engine/Plugins/NNE/NNEDenoiser/Content/NNED_Oidn2-3_HighQuality.uasset" 919
"../../../Engine/Plugins/NNE/NNEDenoiser/Content/NNED_Oidn2-3_HighQuality.uexp" 920
"../../../Engine/Plugins/NNE/NNEDenoiser/Content/NNED_Oidn2-3_HighQuality_Alpha.uasset" 921
"../../../Engine/Plugins/NNE/NNEDenoiser/Content/NNED_Oidn2-3_HighQuality_Alpha.uexp" 922
"../../../Engine/Plugins/NNE/NNEDenoiser/Content/NNE_oidn2-3-0_rt_hdr_alb_nrm_small__dyn__fp16_opset11_DenoiseAlpha.uasset" 923
"../../../Engine/Plugins/NNE/NNEDenoiser/Content/NNE_oidn2-3-0_rt_hdr_alb_nrm_small__dyn__fp16_opset11_DenoiseAlpha.uexp" 924
"../../../Engine/Plugins/NNE/NNEDenoiser/Content/NNE_oidn2-3-0_rt_hdr_alb_nrm_small__dyn__fp16_opset11_ForwardAlpha.uasset" 925
"../../../Engine/Plugins/NNE/NNEDenoiser/Content/NNE_oidn2-3-0_rt_hdr_alb_nrm_small__dyn__fp16_opset11_ForwardAlpha.uexp" 926
"../../../Engine/Plugins/NNE/NNEDenoiser/Content/NNE_oidn2-3-0_rt_hdr_alb_nrm__dyn__fp16_opset11_DenoiseAlpha.uasset" 927
"../../../Engine/Plugins/NNE/NNEDenoiser/Content/NNE_oidn2-3-0_rt_hdr_alb_nrm__dyn__fp16_opset11_DenoiseAlpha.uexp" 928
"../../../Engine/Plugins/NNE/NNEDenoiser/Content/NNE_oidn2-3-0_rt_hdr_alb_nrm__dyn__fp16_opset11_ForwardAlpha.uasset" 929
"../../../Engine/Plugins/NNE/NNEDenoiser/Content/NNE_oidn2-3-0_rt_hdr_alb_nrm__dyn__fp16_opset11_ForwardAlpha.uexp" 930
"../../../Engine/Plugins/NNE/NNEDenoiser/Content/NNE_oidn2-3-0_rt_hdr_calb_cnrm_large__dyn__fp16_opset11_DenoiseAlpha.uasset" 931
"../../../Engine/Plugins/NNE/NNEDenoiser/Content/NNE_oidn2-3-0_rt_hdr_calb_cnrm_large__dyn__fp16_opset11_DenoiseAlpha.uexp" 932
"../../../Engine/Plugins/NNE/NNEDenoiser/Content/NNE_oidn2-3-0_rt_hdr_calb_cnrm_large__dyn__fp16_opset11_ForwardAlpha.uasset" 933
"../../../Engine/Plugins/NNE/NNEDenoiser/Content/NNE_oidn2-3-0_rt_hdr_calb_cnrm_large__dyn__fp16_opset11_ForwardAlpha.uexp" 934
"D:/Dev/Vibe/VC/Steam/Content/Characters/Mannequins/Meshes/SK_Mannequin.uasset" 935
"D:/Dev/Vibe/VC/Steam/Content/Characters/Mannequins/Meshes/SK_Mannequin.uexp" 936
"D:/Dev/Vibe/VC/Steam/Content/Characters/Mannequins/Textures/Quinn/T_Quinn_02ID_MSR_MSK.ubulk" 937
"D:/Dev/Vibe/VC/Steam/Content/Characters/Mannequins/Textures/Quinn/T_Quinn_02ID_MSR_MSK.uasset" 938
"D:/Dev/Vibe/VC/Steam/Content/Characters/Mannequins/Textures/Quinn/T_Quinn_02ID_MSR_MSK.uexp" 939
"D:/Dev/Vibe/VC/Steam/Content/Characters/Mannequins/Textures/Quinn/T_Quinn_02ID_BN.ubulk" 940
"D:/Dev/Vibe/VC/Steam/Content/Characters/Mannequins/Textures/Quinn/T_Quinn_02ID_BN.uasset" 941
"D:/Dev/Vibe/VC/Steam/Content/Characters/Mannequins/Textures/Quinn/T_Quinn_02ID_BN.uexp" 942
"D:/Dev/Vibe/VC/Steam/Content/Characters/Mannequins/Textures/Quinn/T_Quinn_02_ASAOMASK_MSK.ubulk" 943
"D:/Dev/Vibe/VC/Steam/Content/Characters/Mannequins/Textures/Quinn/T_Quinn_02_ASAOMASK_MSK.uasset" 944
"D:/Dev/Vibe/VC/Steam/Content/Characters/Mannequins/Textures/Quinn/T_Quinn_02_ASAOMASK_MSK.uexp" 945
"D:/Dev/Vibe/VC/Steam/Content/Characters/Mannequins/Textures/Quinn/T_Quinn_02_CCRCCPlastic_MSK.ubulk" 946
"D:/Dev/Vibe/VC/Steam/Content/Characters/Mannequins/Textures/Quinn/T_Quinn_02_CCRCCPlastic_MSK.uasset" 947
"D:/Dev/Vibe/VC/Steam/Content/Characters/Mannequins/Textures/Quinn/T_Quinn_02_CCRCCPlastic_MSK.uexp" 948
"D:/Dev/Vibe/VC/Steam/Content/Characters/Mannequins/Textures/Quinn/T_Quinn_02ID_Tan.ubulk" 949
"D:/Dev/Vibe/VC/Steam/Content/Characters/Mannequins/Textures/Quinn/T_Quinn_02ID_Tan.uasset" 950
"D:/Dev/Vibe/VC/Steam/Content/Characters/Mannequins/Textures/Quinn/T_Quinn_02ID_Tan.uexp" 951
"D:/Dev/Vibe/VC/Steam/Content/Characters/Mannequins/Textures/Quinn/T_Quinn_02ID_D.ubulk" 952
"D:/Dev/Vibe/VC/Steam/Content/Characters/Mannequins/Textures/Quinn/T_Quinn_02ID_D.uasset" 953
"D:/Dev/Vibe/VC/Steam/Content/Characters/Mannequins/Textures/Quinn/T_Quinn_02ID_D.uexp" 954
"D:/Dev/Vibe/VC/Steam/Content/Characters/Mannequins/Textures/Quinn/T_Quinn_01ID_MSR_MSK.ubulk" 955
"D:/Dev/Vibe/VC/Steam/Content/Characters/Mannequins/Textures/Quinn/T_Quinn_01ID_MSR_MSK.uasset" 956
"D:/Dev/Vibe/VC/Steam/Content/Characters/Mannequins/Textures/Quinn/T_Quinn_01ID_MSR_MSK.uexp" 957
"D:/Dev/Vibe/VC/Steam/Content/Characters/Mannequins/Materials/Functions/ChromaticCurve.uasset" 958
"D:/Dev/Vibe/VC/Steam/Content/Characters/Mannequins/Materials/Functions/ChromaticCurve.uexp" 959
"D:/Dev/Vibe/VC/Steam/Content/Characters/Mannequins/Materials/Functions/CA_Mannequin.uasset" 960
"D:/Dev/Vibe/VC/Steam/Content/Characters/Mannequins/Materials/Functions/CA_Mannequin.uexp" 961
"D:/Dev/Vibe/VC/Steam/Content/Characters/Mannequins/Materials/Functions/MF_Diffraction.uasset" 962
"D:/Dev/Vibe/VC/Steam/Content/Characters/Mannequins/Materials/Functions/MF_Diffraction.uexp" 963
"D:/Dev/Vibe/VC/Steam/Content/Characters/Mannequins/Textures/Manny/T_Manny_01_N.ubulk" 964
"D:/Dev/Vibe/VC/Steam/Content/Characters/Mannequins/Textures/Manny/T_Manny_01_N.uasset" 965
"D:/Dev/Vibe/VC/Steam/Content/Characters/Mannequins/Textures/Manny/T_Manny_01_N.uexp" 966
"D:/Dev/Vibe/VC/Steam/Content/Characters/Mannequins/Materials/Functions/ML_BaseColorFallOff.uasset" 967
"D:/Dev/Vibe/VC/Steam/Content/Characters/Mannequins/Materials/Functions/ML_BaseColorFallOff.uexp" 968
"D:/Dev/Vibe/VC/Steam/Content/Characters/Mannequins/Textures/Shared/T_UE_Logo_M.uasset" 969
"D:/Dev/Vibe/VC/Steam/Content/Characters/Mannequins/Textures/Shared/T_UE_Logo_M.uexp" 970
"D:/Dev/Vibe/VC/Steam/Content/Characters/Mannequins/Materials/Functions/MF_logo3layers.uasset" 971
"D:/Dev/Vibe/VC/Steam/Content/Characters/Mannequins/Materials/Functions/MF_logo3layers.uexp" 972
"D:/Dev/Vibe/VC/Steam/Content/Characters/Mannequins/Textures/Manny/T_Manny_01_CCRCCPlastic_MSK.ubulk" 973
"D:/Dev/Vibe/VC/Steam/Content/Characters/Mannequins/Textures/Manny/T_Manny_01_CCRCCPlastic_MSK.uasset" 974
"D:/Dev/Vibe/VC/Steam/Content/Characters/Mannequins/Textures/Manny/T_Manny_01_CCRCCPlastic_MSK.uexp" 975
"D:/Dev/Vibe/VC/Steam/Content/Characters/Mannequins/Textures/Manny/T_Manny_01_ASAOPMASK_MSK.ubulk" 976
"D:/Dev/Vibe/VC/Steam/Content/Characters/Mannequins/Textures/Manny/T_Manny_01_ASAOPMASK_MSK.uasset" 977
"D:/Dev/Vibe/VC/Steam/Content/Characters/Mannequins/Textures/Manny/T_Manny_01_ASAOPMASK_MSK.uexp" 978
"D:/Dev/Vibe/VC/Steam/Content/Characters/Mannequins/Textures/Manny/T_Manny_01_MSR_MSK.ubulk" 979
"D:/Dev/Vibe/VC/Steam/Content/Characters/Mannequins/Textures/Manny/T_Manny_01_MSR_MSK.uasset" 980
"D:/Dev/Vibe/VC/Steam/Content/Characters/Mannequins/Textures/Manny/T_Manny_01_MSR_MSK.uexp" 981
"D:/Dev/Vibe/VC/Steam/Content/Characters/Mannequins/Textures/Manny/T_Manny_01_BN.ubulk" 982
"D:/Dev/Vibe/VC/Steam/Content/Characters/Mannequins/Textures/Manny/T_Manny_01_BN.uasset" 983
"D:/Dev/Vibe/VC/Steam/Content/Characters/Mannequins/Textures/Manny/T_Manny_01_BN.uexp" 984
"D:/Dev/Vibe/VC/Steam/Content/Characters/Mannequins/Textures/Manny/T_Manny_01_D.ubulk" 985
"D:/Dev/Vibe/VC/Steam/Content/Characters/Mannequins/Textures/Manny/T_Manny_01_D.uasset" 986
"D:/Dev/Vibe/VC/Steam/Content/Characters/Mannequins/Textures/Manny/T_Manny_01_D.uexp" 987
"D:/Dev/Vibe/VC/Steam/Content/Characters/Mannequins/Textures/Manny/T_Manny_01_Tan.ubulk" 988
"D:/Dev/Vibe/VC/Steam/Content/Characters/Mannequins/Textures/Manny/T_Manny_01_Tan.uasset" 989
"D:/Dev/Vibe/VC/Steam/Content/Characters/Mannequins/Textures/Manny/T_Manny_01_Tan.uexp" 990
"D:/Dev/Vibe/VC/Steam/Content/Characters/Mannequins/Materials/M_Mannequin.uasset" 991
"D:/Dev/Vibe/VC/Steam/Content/Characters/Mannequins/Materials/M_Mannequin.uexp" 992
"D:/Dev/Vibe/VC/Steam/Content/Characters/Mannequins/Textures/Quinn/T_Quinn_01_ASAOMASK_MSK.ubulk" 993
"D:/Dev/Vibe/VC/Steam/Content/Characters/Mannequins/Textures/Quinn/T_Quinn_01_ASAOMASK_MSK.uasset" 994
"D:/Dev/Vibe/VC/Steam/Content/Characters/Mannequins/Textures/Quinn/T_Quinn_01_ASAOMASK_MSK.uexp" 995
"D:/Dev/Vibe/VC/Steam/Content/Characters/Mannequins/Textures/Quinn/T_Quinn_01ID_N.ubulk" 996
"D:/Dev/Vibe/VC/Steam/Content/Characters/Mannequins/Textures/Quinn/T_Quinn_01ID_N.uasset" 997
"D:/Dev/Vibe/VC/Steam/Content/Characters/Mannequins/Textures/Quinn/T_Quinn_01ID_N.uexp" 998
"D:/Dev/Vibe/VC/Steam/Content/Characters/Mannequins/Textures/Quinn/T_Quinn_01ID_BN.ubulk" 999
"D:/Dev/Vibe/VC/Steam/Content/Characters/Mannequins/Textures/Quinn/T_Quinn_01ID_BN.uasset" 1000
"D:/Dev/Vibe/VC/Steam/Content/Characters/Mannequins/Textures/Quinn/T_Quinn_01ID_BN.uexp" 1001
"D:/Dev/Vibe/VC/Steam/Content/Characters/Mannequins/Textures/Quinn/T_Quinn_01ID_D.ubulk" 1002
"D:/Dev/Vibe/VC/Steam/Content/Characters/Mannequins/Textures/Quinn/T_Quinn_01ID_D.uasset" 1003
"D:/Dev/Vibe/VC/Steam/Content/Characters/Mannequins/Textures/Quinn/T_Quinn_01ID_D.uexp" 1004
"D:/Dev/Vibe/VC/Steam/Content/Characters/Mannequins/Textures/Quinn/T_Quinn_01ID_Tan.ubulk" 1005
"D:/Dev/Vibe/VC/Steam/Content/Characters/Mannequins/Textures/Quinn/T_Quinn_01ID_Tan.uasset" 1006
"D:/Dev/Vibe/VC/Steam/Content/Characters/Mannequins/Textures/Quinn/T_Quinn_01ID_Tan.uexp" 1007
"D:/Dev/Vibe/VC/Steam/Content/Characters/Mannequins/Textures/Quinn/T_Quinn_01_CCRCCPlastic_MSK.ubulk" 1008
"D:/Dev/Vibe/VC/Steam/Content/Characters/Mannequins/Textures/Quinn/T_Quinn_01_CCRCCPlastic_MSK.uasset" 1009
"D:/Dev/Vibe/VC/Steam/Content/Characters/Mannequins/Textures/Quinn/T_Quinn_01_CCRCCPlastic_MSK.uexp" 1010
"D:/Dev/Vibe/VC/Steam/Content/Characters/Mannequins/Materials/Instances/Quinn/MI_Quinn_01.uasset" 1011
"D:/Dev/Vibe/VC/Steam/Content/Characters/Mannequins/Materials/Instances/Quinn/MI_Quinn_01.uexp" 1012
"D:/Dev/Vibe/VC/Steam/Content/Characters/Mannequins/Textures/Quinn/T_Quinn_02ID_N.ubulk" 1013
"D:/Dev/Vibe/VC/Steam/Content/Characters/Mannequins/Textures/Quinn/T_Quinn_02ID_N.uasset" 1014
"D:/Dev/Vibe/VC/Steam/Content/Characters/Mannequins/Textures/Quinn/T_Quinn_02ID_N.uexp" 1015
"D:/Dev/Vibe/VC/Steam/Content/Characters/Mannequins/Materials/Instances/Quinn/MI_Quinn_02.uasset" 1016
"D:/Dev/Vibe/VC/Steam/Content/Characters/Mannequins/Materials/Instances/Quinn/MI_Quinn_02.uexp" 1017
"D:/Dev/Vibe/VC/Steam/Content/Characters/Mannequins/Rigs/PA_Mannequin.uasset" 1018
"D:/Dev/Vibe/VC/Steam/Content/Characters/Mannequins/Rigs/PA_Mannequin.uexp" 1019
"D:/Dev/Vibe/VC/Steam/Content/Characters/Mannequins/Meshes/SKM_Quinn_Simple.uasset" 1020
"D:/Dev/Vibe/VC/Steam/Content/Characters/Mannequins/Meshes/SKM_Quinn_Simple.uexp" 1021
"D:/Dev/Vibe/VC/Steam/Content/ThirdPerson/Blueprints/VOIP/E_VoiceMode.uasset" 1022
"D:/Dev/Vibe/VC/Steam/Content/ThirdPerson/Blueprints/VOIP/E_VoiceMode.uexp" 1023
"D:/Dev/Vibe/VC/Steam/Content/ThirdPerson/Input/Actions/IA_Jump.uasset" 1024
"D:/Dev/Vibe/VC/Steam/Content/ThirdPerson/Input/Actions/IA_Jump.uexp" 1025
"D:/Dev/Vibe/VC/Steam/Content/ThirdPerson/Input/Actions/IA_Look.uasset" 1026
"D:/Dev/Vibe/VC/Steam/Content/ThirdPerson/Input/Actions/IA_Look.uexp" 1027
"D:/Dev/Vibe/VC/Steam/Content/ThirdPerson/Input/Actions/IA_Move.uasset" 1028
"D:/Dev/Vibe/VC/Steam/Content/ThirdPerson/Input/Actions/IA_Move.uexp" 1029
"D:/Dev/Vibe/VC/Steam/Content/ThirdPerson/Input/IMC_Default.uasset" 1030
"D:/Dev/Vibe/VC/Steam/Content/ThirdPerson/Input/IMC_Default.uexp" 1031
"D:/Dev/Vibe/VC/Steam/Content/ThirdPerson/Blueprints/VOIP/SEP_Radio.uasset" 1032
"D:/Dev/Vibe/VC/Steam/Content/ThirdPerson/Blueprints/VOIP/SEP_Radio.uexp" 1033
"D:/Dev/Vibe/VC/Steam/Content/ThirdPerson/Blueprints/VOIP/SEPC_Radio.uasset" 1034
"D:/Dev/Vibe/VC/Steam/Content/ThirdPerson/Blueprints/VOIP/SEPC_Radio.uexp" 1035
"../../../Engine/Content/Animation/DefaultAnimCurveCompressionSettings.uasset" 1036
"../../../Engine/Content/Animation/DefaultAnimCurveCompressionSettings.uexp" 1037
"../../../Engine/Content/Animation/DefaultAnimBoneCompressionSettings.uasset" 1038
"../../../Engine/Content/Animation/DefaultAnimBoneCompressionSettings.uexp" 1039
"D:/Dev/Vibe/VC/Steam/Content/Characters/Mannequins/Animations/Quinn/MF_Run_Fwd.uasset" 1040
"D:/Dev/Vibe/VC/Steam/Content/Characters/Mannequins/Animations/Quinn/MF_Run_Fwd.uexp" 1041
"D:/Dev/Vibe/VC/Steam/Content/Characters/Mannequins/Animations/Quinn/MF_Walk_Fwd.uasset" 1042
"D:/Dev/Vibe/VC/Steam/Content/Characters/Mannequins/Animations/Quinn/MF_Walk_Fwd.uexp" 1043
"../../../Engine/Content/Animation/DefaultRecorderBoneCompression.uasset" 1044
"../../../Engine/Content/Animation/DefaultRecorderBoneCompression.uexp" 1045
"D:/Dev/Vibe/VC/Steam/Content/Characters/Mannequins/Animations/Manny/MM_Walk_InPlace.uasset" 1046
"D:/Dev/Vibe/VC/Steam/Content/Characters/Mannequins/Animations/Manny/MM_Walk_InPlace.uexp" 1047
"D:/Dev/Vibe/VC/Steam/Content/Characters/Mannequins/Animations/Quinn/BS_MF_Unarmed_WalkRun.uasset" 1048
"D:/Dev/Vibe/VC/Steam/Content/Characters/Mannequins/Animations/Quinn/BS_MF_Unarmed_WalkRun.uexp" 1049
"D:/Dev/Vibe/VC/Steam/Content/Characters/Mannequins/Animations/Quinn/MF_Idle.uasset" 1050
"D:/Dev/Vibe/VC/Steam/Content/Characters/Mannequins/Animations/Quinn/MF_Idle.uexp" 1051
"D:/Dev/Vibe/VC/Steam/Content/Characters/Mannequins/Animations/Manny/MM_Fall_Loop.uasset" 1052
"D:/Dev/Vibe/VC/Steam/Content/Characters/Mannequins/Animations/Manny/MM_Fall_Loop.uexp" 1053
"D:/Dev/Vibe/VC/Steam/Content/Characters/Mannequins/Animations/Manny/MM_Jump.uasset" 1054
"D:/Dev/Vibe/VC/Steam/Content/Characters/Mannequins/Animations/Manny/MM_Jump.uexp" 1055
"../../../Engine/Plugins/Animation/ControlRig/Content/Controls/DefaultGizmoLibrary.uasset" 1056
"../../../Engine/Plugins/Animation/ControlRig/Content/Controls/DefaultGizmoLibrary.uexp" 1057
"D:/Dev/Vibe/VC/Steam/Content/Characters/Mannequins/Rigs/CR_Mannequin_BasicFootIK.uasset" 1058
"D:/Dev/Vibe/VC/Steam/Content/Characters/Mannequins/Rigs/CR_Mannequin_BasicFootIK.uexp" 1059
"D:/Dev/Vibe/VC/Steam/Content/Characters/Mannequins/Animations/Manny/MM_Run_Fwd.uasset" 1060
"D:/Dev/Vibe/VC/Steam/Content/Characters/Mannequins/Animations/Manny/MM_Run_Fwd.uexp" 1061
"D:/Dev/Vibe/VC/Steam/Content/Characters/Mannequins/Animations/Manny/MM_Walk_Fwd.uasset" 1062
"D:/Dev/Vibe/VC/Steam/Content/Characters/Mannequins/Animations/Manny/MM_Walk_Fwd.uexp" 1063
"D:/Dev/Vibe/VC/Steam/Content/Characters/Mannequins/Animations/Manny/BS_MM_WalkRun.uasset" 1064
"D:/Dev/Vibe/VC/Steam/Content/Characters/Mannequins/Animations/Manny/BS_MM_WalkRun.uexp" 1065
"D:/Dev/Vibe/VC/Steam/Content/Characters/Mannequins/Animations/Manny/MM_Land.uasset" 1066
"D:/Dev/Vibe/VC/Steam/Content/Characters/Mannequins/Animations/Manny/MM_Land.uexp" 1067
"D:/Dev/Vibe/VC/Steam/Content/Characters/Mannequins/Animations/Manny/MM_Idle.uasset" 1068
"D:/Dev/Vibe/VC/Steam/Content/Characters/Mannequins/Animations/Manny/MM_Idle.uexp" 1069
"D:/Dev/Vibe/VC/Steam/Content/Characters/Mannequins/Animations/ABP_Manny.uasset" 1070
"D:/Dev/Vibe/VC/Steam/Content/Characters/Mannequins/Animations/ABP_Manny.uexp" 1071
"D:/Dev/Vibe/VC/Steam/Content/Characters/Mannequins/Animations/ABP_Quinn.uasset" 1072
"D:/Dev/Vibe/VC/Steam/Content/Characters/Mannequins/Animations/ABP_Quinn.uexp" 1073
"D:/Dev/Vibe/VC/Steam/Content/ThirdPerson/Blueprints/VOIP/SA_VOIP.uasset" 1074
"D:/Dev/Vibe/VC/Steam/Content/ThirdPerson/Blueprints/VOIP/SA_VOIP.uexp" 1075
"D:/Dev/Vibe/VC/Steam/Content/ThirdPerson/Blueprints/BP_ThirdPersonCharacter.uasset" 1076
"D:/Dev/Vibe/VC/Steam/Content/ThirdPerson/Blueprints/BP_ThirdPersonCharacter.uexp" 1077
"D:/Dev/Vibe/VC/Steam/Content/ThirdPerson/Blueprints/BP_PS_Game.uasset" 1078
"D:/Dev/Vibe/VC/Steam/Content/ThirdPerson/Blueprints/BP_PS_Game.uexp" 1079
"D:/Dev/Vibe/VC/Steam/Content/ThirdPerson/Blueprints/BPI_GameMode.uasset" 1080
"D:/Dev/Vibe/VC/Steam/Content/ThirdPerson/Blueprints/BPI_GameMode.uexp" 1081
"D:/Dev/Vibe/VC/Steam/Content/ThirdPerson/Widgets/WBP_InGame.uasset" 1082
"D:/Dev/Vibe/VC/Steam/Content/ThirdPerson/Widgets/WBP_InGame.uexp" 1083
"../../../Engine/Content/EngineSounds/Master.uasset" 1084
"../../../Engine/Content/EngineSounds/Master.uexp" 1085
"../../../Engine/Content/EngineSounds/Voice.uasset" 1086
"../../../Engine/Content/EngineSounds/Voice.uexp" 1087
"D:/Dev/Vibe/VC/Steam/Content/ThirdPerson/Blueprints/VOIP/SCM_UnmuteVoice.uasset" 1088
"D:/Dev/Vibe/VC/Steam/Content/ThirdPerson/Blueprints/VOIP/SCM_UnmuteVoice.uexp" 1089
"D:/Dev/Vibe/VC/Steam/Content/ThirdPerson/Blueprints/VOIP/SCM_MuteVoice.uasset" 1090
"D:/Dev/Vibe/VC/Steam/Content/ThirdPerson/Blueprints/VOIP/SCM_MuteVoice.uexp" 1091
"D:/Dev/Vibe/VC/Steam/Content/ThirdPerson/Widgets/WBP_PlayerEntry.uasset" 1092
"D:/Dev/Vibe/VC/Steam/Content/ThirdPerson/Widgets/WBP_PlayerEntry.uexp" 1093
"D:/Dev/Vibe/VC/Steam/Content/ThirdPerson/Widgets/WBP_PlayerList.uasset" 1094
"D:/Dev/Vibe/VC/Steam/Content/ThirdPerson/Widgets/WBP_PlayerList.uexp" 1095
"D:/Dev/Vibe/VC/Steam/Content/ThirdPerson/Blueprints/BP_PC_Game.uasset" 1096
"D:/Dev/Vibe/VC/Steam/Content/ThirdPerson/Blueprints/BP_PC_Game.uexp" 1097
"D:/Dev/Vibe/VC/Steam/Content/ThirdPerson/Blueprints/BP_ThirdPersonGameMode.uasset" 1098
"D:/Dev/Vibe/VC/Steam/Content/ThirdPerson/Blueprints/BP_ThirdPersonGameMode.uexp" 1099
"D:/Dev/Vibe/VC/Steam/Content/ThirdPerson/Maps/ThirdPersonMap.uexp" 1100
"D:/Dev/Vibe/VC/Steam/Content/ThirdPerson/Maps/ThirdPersonMap.umap" 1101
"D:/Dev/Vibe/VC/Steam/Content/ThirdPerson/Maps/ThirdMap.uexp" 1102
"D:/Dev/Vibe/VC/Steam/Content/ThirdPerson/Maps/ThirdMap.umap" 1103
"D:/Dev/Vibe/VC/Steam/Content/ThirdPerson/Maps/SecondMap.uexp" 1104
"D:/Dev/Vibe/VC/Steam/Content/ThirdPerson/Maps/SecondMap.umap" 1105
"D:/Dev/Vibe/VC/Steam/Content/ThirdPerson/Widgets/WBP_Menu.uasset" 1106
"D:/Dev/Vibe/VC/Steam/Content/ThirdPerson/Widgets/WBP_Menu.uexp" 1107
"D:/Dev/Vibe/VC/Steam/Content/ThirdPerson/Maps/MainMenu.uexp" 1108
"D:/Dev/Vibe/VC/Steam/Content/ThirdPerson/Maps/MainMenu.umap" 1109
"D:/Dev/Vibe/VC/Steam/Content/ThirdPerson/Maps/FirstMap.uexp" 1110
"D:/Dev/Vibe/VC/Steam/Content/ThirdPerson/Maps/FirstMap.umap" 1111
"D:/Dev/Vibe/VC/Steam/Content/ThirdPerson/Maps/TransitionMap.uexp" 1112
"D:/Dev/Vibe/VC/Steam/Content/ThirdPerson/Maps/TransitionMap.umap" 1113
"../../../Engine/Content/Maps/Entry_BuiltData.uasset" 1114
"../../../Engine/Content/Maps/Entry_BuiltData.uexp" 1115
"../../../Engine/Content/Maps/Entry.uexp" 1116
"../../../Engine/Content/Maps/Entry.umap" 1117
